Archive member included to satisfy reference by file (symbol)

/opt/st/stm32cubeide_1.13.0/plugins/com.st.stm32cube.ide.mcu.externaltools.gnu-tools-for-stm32.11.3.rel1.linux64_1.1.0.202305231506/tools/bin/../lib/gcc/arm-none-eabi/11.3.1/../../../../arm-none-eabi/lib/thumb/v7e-m+fp/hard/libc_nano.a(libc_a-assert.o)
                              ./Middlewares/OpenAMP/libmetal/device.o (__assert_func)
/opt/st/stm32cubeide_1.13.0/plugins/com.st.stm32cube.ide.mcu.externaltools.gnu-tools-for-stm32.11.3.rel1.linux64_1.1.0.202305231506/tools/bin/../lib/gcc/arm-none-eabi/11.3.1/../../../../arm-none-eabi/lib/thumb/v7e-m+fp/hard/libc_nano.a(libc_a-exit.o)
                              /opt/st/stm32cubeide_1.13.0/plugins/com.st.stm32cube.ide.mcu.externaltools.gnu-tools-for-stm32.11.3.rel1.linux64_1.1.0.202305231506/tools/bin/../lib/gcc/arm-none-eabi/11.3.1/../../../../arm-none-eabi/lib/thumb/v7e-m+fp/hard/crt0.o (exit)
/opt/st/stm32cubeide_1.13.0/plugins/com.st.stm32cube.ide.mcu.externaltools.gnu-tools-for-stm32.11.3.rel1.linux64_1.1.0.202305231506/tools/bin/../lib/gcc/arm-none-eabi/11.3.1/../../../../arm-none-eabi/lib/thumb/v7e-m+fp/hard/libc_nano.a(libc_a-malloc.o)
                              ./Middlewares/OpenAMP/open-amp/remoteproc/remoteproc_virtio.o (malloc)
/opt/st/stm32cubeide_1.13.0/plugins/com.st.stm32cube.ide.mcu.externaltools.gnu-tools-for-stm32.11.3.rel1.linux64_1.1.0.202305231506/tools/bin/../lib/gcc/arm-none-eabi/11.3.1/../../../../arm-none-eabi/lib/thumb/v7e-m+fp/hard/libc_nano.a(libc_a-mallocr.o)
                              /opt/st/stm32cubeide_1.13.0/plugins/com.st.stm32cube.ide.mcu.externaltools.gnu-tools-for-stm32.11.3.rel1.linux64_1.1.0.202305231506/tools/bin/../lib/gcc/arm-none-eabi/11.3.1/../../../../arm-none-eabi/lib/thumb/v7e-m+fp/hard/libc_nano.a(libc_a-malloc.o) (_malloc_r)
/opt/st/stm32cubeide_1.13.0/plugins/com.st.stm32cube.ide.mcu.externaltools.gnu-tools-for-stm32.11.3.rel1.linux64_1.1.0.202305231506/tools/bin/../lib/gcc/arm-none-eabi/11.3.1/../../../../arm-none-eabi/lib/thumb/v7e-m+fp/hard/libc_nano.a(libc_a-mlock.o)
                              /opt/st/stm32cubeide_1.13.0/plugins/com.st.stm32cube.ide.mcu.externaltools.gnu-tools-for-stm32.11.3.rel1.linux64_1.1.0.202305231506/tools/bin/../lib/gcc/arm-none-eabi/11.3.1/../../../../arm-none-eabi/lib/thumb/v7e-m+fp/hard/libc_nano.a(libc_a-mallocr.o) (__malloc_lock)
/opt/st/stm32cubeide_1.13.0/plugins/com.st.stm32cube.ide.mcu.externaltools.gnu-tools-for-stm32.11.3.rel1.linux64_1.1.0.202305231506/tools/bin/../lib/gcc/arm-none-eabi/11.3.1/../../../../arm-none-eabi/lib/thumb/v7e-m+fp/hard/libc_nano.a(libc_a-findfp.o)
                              /opt/st/stm32cubeide_1.13.0/plugins/com.st.stm32cube.ide.mcu.externaltools.gnu-tools-for-stm32.11.3.rel1.linux64_1.1.0.202305231506/tools/bin/../lib/gcc/arm-none-eabi/11.3.1/../../../../arm-none-eabi/lib/thumb/v7e-m+fp/hard/libc_nano.a(libc_a-exit.o) (__stdio_exit_handler)
/opt/st/stm32cubeide_1.13.0/plugins/com.st.stm32cube.ide.mcu.externaltools.gnu-tools-for-stm32.11.3.rel1.linux64_1.1.0.202305231506/tools/bin/../lib/gcc/arm-none-eabi/11.3.1/../../../../arm-none-eabi/lib/thumb/v7e-m+fp/hard/libc_nano.a(libc_a-fprintf.o)
                              /opt/st/stm32cubeide_1.13.0/plugins/com.st.stm32cube.ide.mcu.externaltools.gnu-tools-for-stm32.11.3.rel1.linux64_1.1.0.202305231506/tools/bin/../lib/gcc/arm-none-eabi/11.3.1/../../../../arm-none-eabi/lib/thumb/v7e-m+fp/hard/libc_nano.a(libc_a-assert.o) (fiprintf)
/opt/st/stm32cubeide_1.13.0/plugins/com.st.stm32cube.ide.mcu.externaltools.gnu-tools-for-stm32.11.3.rel1.linux64_1.1.0.202305231506/tools/bin/../lib/gcc/arm-none-eabi/11.3.1/../../../../arm-none-eabi/lib/thumb/v7e-m+fp/hard/libc_nano.a(libc_a-fwalk.o)
                              /opt/st/stm32cubeide_1.13.0/plugins/com.st.stm32cube.ide.mcu.externaltools.gnu-tools-for-stm32.11.3.rel1.linux64_1.1.0.202305231506/tools/bin/../lib/gcc/arm-none-eabi/11.3.1/../../../../arm-none-eabi/lib/thumb/v7e-m+fp/hard/libc_nano.a(libc_a-findfp.o) (_fwalk_sglue)
/opt/st/stm32cubeide_1.13.0/plugins/com.st.stm32cube.ide.mcu.externaltools.gnu-tools-for-stm32.11.3.rel1.linux64_1.1.0.202305231506/tools/bin/../lib/gcc/arm-none-eabi/11.3.1/../../../../arm-none-eabi/lib/thumb/v7e-m+fp/hard/libc_nano.a(libc_a-printf.o)
                              ./Application/User/main.o (printf)
/opt/st/stm32cubeide_1.13.0/plugins/com.st.stm32cube.ide.mcu.externaltools.gnu-tools-for-stm32.11.3.rel1.linux64_1.1.0.202305231506/tools/bin/../lib/gcc/arm-none-eabi/11.3.1/../../../../arm-none-eabi/lib/thumb/v7e-m+fp/hard/libc_nano.a(libc_a-stdio.o)
                              /opt/st/stm32cubeide_1.13.0/plugins/com.st.stm32cube.ide.mcu.externaltools.gnu-tools-for-stm32.11.3.rel1.linux64_1.1.0.202305231506/tools/bin/../lib/gcc/arm-none-eabi/11.3.1/../../../../arm-none-eabi/lib/thumb/v7e-m+fp/hard/libc_nano.a(libc_a-findfp.o) (__sread)
[...]
Memory Configuration

Name             Origin             Length             Attributes
m_interrupts     0x0000000000000000 0x0000000000000298 xr
m_text           0x0000000010000000 0x0000000000020000 xr
m_data           0x0000000010020000 0x0000000000020000 rw
m_ipc_shm        0x0000000010040000 0x0000000000008000 rw
*default*        0x0000000000000000 0xffffffffffffffff

Linker script and memory map

LOAD /opt/st/stm32cubeide_1.13.0/plugins/com.st.stm32cube.ide.mcu.externaltools.gnu-tools-for-stm32.11.3.rel1.linux64_1.1.0.202305231506/tools/bin/../lib/gcc/arm-none-eabi/11.3.1/thumb/v7e-m+fp/hard/crti.o
LOAD /opt/st/stm32cubeide_1.13.0/plugins/com.st.stm32cube.ide.mcu.externaltools.gnu-tools-for-stm32.11.3.rel1.linux64_1.1.0.202305231506/tools/bin/../lib/gcc/arm-none-eabi/11.3.1/thumb/v7e-m+fp/hard/crtbegin.o
LOAD /opt/st/stm32cubeide_1.13.0/plugins/com.st.stm32cube.ide.mcu.externaltools.gnu-tools-for-stm32.11.3.rel1.linux64_1.1.0.202305231506/tools/bin/../lib/gcc/arm-none-eabi/11.3.1/../../../../arm-none-eabi/lib/thumb/v7e-m+fp/hard/crt0.o
LOAD ./Application/Startup/startup_stm32mp157caax.o
LOAD ./Application/User/lock_resource.o
LOAD ./Application/User/main.o
LOAD ./Application/User/mbox_ipcc.o
LOAD ./Application/User/openamp.o
LOAD ./Application/User/openamp_log.o
LOAD ./Application/User/rsc_table.o
LOAD ./Application/User/stm32mp1xx_hal_msp.o
LOAD ./Application/User/stm32mp1xx_it.o
LOAD ./Application/User/syscalls.o
LOAD ./Drivers/BSP/stm32mp15xx_disco.o
LOAD ./Drivers/CMSIS/system_stm32mp1xx.o
LOAD ./Drivers/STM32MP1xx_HAL_Driver/stm32mp1xx_hal.o
LOAD ./Drivers/STM32MP1xx_HAL_Driver/stm32mp1xx_hal_cortex.o
LOAD ./Drivers/STM32MP1xx_HAL_Driver/stm32mp1xx_hal_dma.o
LOAD ./Drivers/STM32MP1xx_HAL_Driver/stm32mp1xx_hal_dma_ex.o
LOAD ./Drivers/STM32MP1xx_HAL_Driver/stm32mp1xx_hal_gpio.o
LOAD ./Drivers/STM32MP1xx_HAL_Driver/stm32mp1xx_hal_hsem.o
LOAD ./Drivers/STM32MP1xx_HAL_Driver/stm32mp1xx_hal_i2c.o
LOAD ./Drivers/STM32MP1xx_HAL_Driver/stm32mp1xx_hal_i2c_ex.o
LOAD ./Drivers/STM32MP1xx_HAL_Driver/stm32mp1xx_hal_ipcc.o
LOAD ./Drivers/STM32MP1xx_HAL_Driver/stm32mp1xx_hal_pwr.o
LOAD ./Drivers/STM32MP1xx_HAL_Driver/stm32mp1xx_hal_pwr_ex.o
LOAD ./Drivers/STM32MP1xx_HAL_Driver/stm32mp1xx_hal_rcc.o
LOAD ./Drivers/STM32MP1xx_HAL_Driver/stm32mp1xx_hal_rcc_ex.o
LOAD ./Middlewares/OpenAMP/libmetal/device.o
LOAD ./Middlewares/OpenAMP/libmetal/init.o
LOAD ./Middlewares/OpenAMP/libmetal/io.o
LOAD ./Middlewares/OpenAMP/libmetal/log.o
LOAD ./Middlewares/OpenAMP/libmetal/shmem.o
LOAD ./Middlewares/OpenAMP/libmetal/generic/condition.o
LOAD ./Middlewares/OpenAMP/libmetal/generic/generic_device.o
LOAD ./Middlewares/OpenAMP/libmetal/generic/generic_init.o
LOAD ./Middlewares/OpenAMP/libmetal/generic/generic_io.o
LOAD ./Middlewares/OpenAMP/libmetal/generic/generic_shmem.o
LOAD ./Middlewares/OpenAMP/libmetal/generic/time.o
LOAD ./Middlewares/OpenAMP/libmetal/generic/template/sys.o
LOAD ./Middlewares/OpenAMP/open-amp/remoteproc/remoteproc_virtio.o
LOAD ./Middlewares/OpenAMP/open-amp/rpmsg/rpmsg.o
LOAD ./Middlewares/OpenAMP/open-amp/rpmsg/rpmsg_virtio.o
LOAD ./Middlewares/OpenAMP/open-amp/virtio/virtio.o
LOAD ./Middlewares/OpenAMP/open-amp/virtio/virtqueue.o
LOAD ./Middlewares/OpenAMP/virtual_driver/virt_uart.o
START GROUP
LOAD /opt/st/stm32cubeide_1.13.0/plugins/com.st.stm32cube.ide.mcu.externaltools.gnu-tools-for-stm32.11.3.rel1.linux64_1.1.0.202305231506/tools/bin/../lib/gcc/arm-none-eabi/11.3.1/../../../../arm-none-eabi/lib/thumb/v7e-m+fp/hard/libc_nano.a
LOAD /opt/st/stm32cubeide_1.13.0/plugins/com.st.stm32cube.ide.mcu.externaltools.gnu-tools-for-stm32.11.3.rel1.linux64_1.1.0.202305231506/tools/bin/../lib/gcc/arm-none-eabi/11.3.1/../../../../arm-none-eabi/lib/thumb/v7e-m+fp/hard/libm.a
END GROUP
START GROUP
LOAD /opt/st/stm32cubeide_1.13.0/plugins/com.st.stm32cube.ide.mcu.externaltools.gnu-tools-for-stm32.11.3.rel1.linux64_1.1.0.202305231506/tools/bin/../lib/gcc/arm-none-eabi/11.3.1/thumb/v7e-m+fp/hard/libgcc.a
LOAD /opt/st/stm32cubeide_1.13.0/plugins/com.st.stm32cube.ide.mcu.externaltools.gnu-tools-for-stm32.11.3.rel1.linux64_1.1.0.202305231506/tools/bin/../lib/gcc/arm-none-eabi/11.3.1/../../../../arm-none-eabi/lib/thumb/v7e-m+fp/hard/libc_nano.a
END GROUP
START GROUP
LOAD /opt/st/stm32cubeide_1.13.0/plugins/com.st.stm32cube.ide.mcu.externaltools.gnu-tools-for-stm32.11.3.rel1.linux64_1.1.0.202305231506/tools/bin/../lib/gcc/arm-none-eabi/11.3.1/thumb/v7e-m+fp/hard/libgcc.a
LOAD /opt/st/stm32cubeide_1.13.0/plugins/com.st.stm32cube.ide.mcu.externaltools.gnu-tools-for-stm32.11.3.rel1.linux64_1.1.0.202305231506/tools/bin/../lib/gcc/arm-none-eabi/11.3.1/../../../../arm-none-eabi/lib/thumb/v7e-m+fp/hard/libc_nano.a
LOAD /opt/st/stm32cubeide_1.13.0/plugins/com.st.stm32cube.ide.mcu.externaltools.gnu-tools-for-stm32.11.3.rel1.linux64_1.1.0.202305231506/tools/bin/../lib/gcc/arm-none-eabi/11.3.1/../../../../arm-none-eabi/lib/thumb/v7e-m+fp/hard/libnosys.a
END GROUP
START GROUP
LOAD /opt/st/stm32cubeide_1.13.0/plugins/com.st.stm32cube.ide.mcu.externaltools.gnu-tools-for-stm32.11.3.rel1.linux64_1.1.0.202305231506/tools/bin/../lib/gcc/arm-none-eabi/11.3.1/thumb/v7e-m+fp/hard/libgcc.a
LOAD /opt/st/stm32cubeide_1.13.0/plugins/com.st.stm32cube.ide.mcu.externaltools.gnu-tools-for-stm32.11.3.rel1.linux64_1.1.0.202305231506/tools/bin/../lib/gcc/arm-none-eabi/11.3.1/../../../../arm-none-eabi/lib/thumb/v7e-m+fp/hard/libc_nano.a
LOAD /opt/st/stm32cubeide_1.13.0/plugins/com.st.stm32cube.ide.mcu.externaltools.gnu-tools-for-stm32.11.3.rel1.linux64_1.1.0.202305231506/tools/bin/../lib/gcc/arm-none-eabi/11.3.1/../../../../arm-none-eabi/lib/thumb/v7e-m+fp/hard/libnosys.a
END GROUP
LOAD /opt/st/stm32cubeide_1.13.0/plugins/com.st.stm32cube.ide.mcu.externaltools.gnu-tools-for-stm32.11.3.rel1.linux64_1.1.0.202305231506/tools/bin/../lib/gcc/arm-none-eabi/11.3.1/thumb/v7e-m+fp/hard/crtend.o
LOAD /opt/st/stm32cubeide_1.13.0/plugins/com.st.stm32cube.ide.mcu.externaltools.gnu-tools-for-stm32.11.3.rel1.linux64_1.1.0.202305231506/tools/bin/../lib/gcc/arm-none-eabi/11.3.1/thumb/v7e-m+fp/hard/crtn.o
                0x0000000010040000                _estack = 0x10040000
                0x0000000000000200                _Min_Heap_Size = 0x200
                0x0000000000000400                _Min_Stack_Size = 0x400
                0x0000000010040000                __OPENAMP_region_start__ = ORIGIN (m_ipc_shm)
                0x0000000010048000                __OPENAMP_region_end__ = (ORIGIN (m_ipc_shm) + LENGTH (m_ipc_shm))

.isr_vector     0x0000000000000000      0x298
                0x0000000000000000                . = ALIGN (0x4)
 *(.isr_vector)
 .isr_vector    0x0000000000000000      0x298 ./Application/Startup/startup_stm32mp157caax.o
                0x0000000000000000                g_pfnVectors
                0x0000000000000298                . = ALIGN (0x4)

.text           0x0000000010000000     0x70e4
                0x0000000010000000                . = ALIGN (0x4)
 *(.text)
 .text          0x0000000010000000       0x40 /opt/st/stm32cubeide_1.13.0/plugins/com.st.stm32cube.ide.mcu.externaltools.gnu-tools-for-stm32.11.3.rel1.linux64_1.1.0.202305231506/tools/bin/../lib/gcc/arm-none-eabi/11.3.1/thumb/v7e-m+fp/hard/crtbegin.o
 .text          0x0000000010000040       0x14 /opt/st/stm32cubeide_1.13.0/plugins/com.st.stm32cube.ide.mcu.externaltools.gnu-tools-for-stm32.11.3.rel1.linux64_1.1.0.202305231506/tools/bin/../lib/gcc/arm-none-eabi/11.3.1/../../../../arm-none-eabi/lib/thumb/v7e-m+fp/hard/libc_nano.a(libc_a-strcmp.o)
                0x0000000010000040                strcmp
 .text          0x0000000010000054       0x10 /opt/st/stm32cubeide_1.13.0/plugins/com.st.stm32cube.ide.mcu.externaltools.gnu-tools-for-stm32.11.3.rel1.linux64_1.1.0.202305231506/tools/bin/../lib/gcc/arm-none-eabi/11.3.1/../../../../arm-none-eabi/lib/thumb/v7e-m+fp/hard/libc_nano.a(libc_a-strlen.o)
                0x0000000010000054                strlen
 *fill*         0x0000000010000064        0xc 
 .text          0x0000000010000070       0xa0 /opt/st/stm32cubeide_1.13.0/plugins/com.st.stm32cube.ide.mcu.externaltools.gnu-tools-for-stm32.11.3.rel1.linux64_1.1.0.202305231506/tools/bin/../lib/gcc/arm-none-eabi/11.3.1/../../../../arm-none-eabi/lib/thumb/v7e-m+fp/hard/libc_nano.a(libc_a-memchr.o)
                0x0000000010000070                memchr
 *(.text*)
 .text.Default_Handler
                0x0000000010000110        0x2 ./Application/Startup/startup_stm32mp157caax.o
                0x0000000010000110                EXTI2_IRQHandler
                0x0000000010000110                TIM8_TRG_COM_IRQHandler
                0x0000000010000110                TIM8_CC_IRQHandler
                0x0000000010000110                EXTI5_IRQHandler
                0x0000000010000110                UART8_IRQHandler
                0x0000000010000110                SPI4_IRQHandler
                0x0000000010000110                EXTI13_IRQHandler
                0x0000000010000110                TIM1_CC_IRQHandler
                0x0000000010000110                DMA2_Stream5_IRQHandler
                0x0000000010000110                ETH1_WKUP_IRQHandler
                0x0000000010000110                TAMP_IRQHandler
                0x0000000010000110                DMA1_Stream5_IRQHandler
                0x0000000010000110                TIM6_IRQHandler
                0x0000000010000110                EXTI12_IRQHandler
                0x0000000010000110                EXTI3_IRQHandler
                0x0000000010000110                LPTIM4_IRQHandler
                0x0000000010000110                EXTI8_IRQHandler
                0x0000000010000110                LPTIM2_IRQHandler
                0x0000000010000110                DFSDM1_FLT1_IRQHandler
                0x0000000010000110                I2C3_ER_IRQHandler
                0x0000000010000110                DFSDM1_FLT2_IRQHandler
                0x0000000010000110                I2C5_EV_IRQHandler
                0x0000000010000110                MDMA_IRQHandler
                0x0000000010000110                IPCC_TX1_IRQHandler
                0x0000000010000110                LPTIM3_IRQHandler
                0x0000000010000110                EXTI0_IRQHandler
                0x0000000010000110                I2C2_EV_IRQHandler
                0x0000000010000110                DMA1_Stream2_IRQHandler
                0x0000000010000110                FPU_IRQHandler
                0x0000000010000110                USBH_OHCI_IRQHandler
                0x0000000010000110                FDCAN1_IT1_IRQHandler
                0x0000000010000110                LTDC_ER_IRQHandler
                0x0000000010000110                DMA2_Stream2_IRQHandler
                0x0000000010000110                IPCC_RX0_IRQHandler
                0x0000000010000110                OTG_IRQHandler
                0x0000000010000110                SPI1_IRQHandler
                0x0000000010000110                DCMI_IRQHandler
                0x0000000010000110                TIM8_UP_IRQHandler
                0x0000000010000110                DMA2_Stream3_IRQHandler
                0x0000000010000110                USBH_EHCI_IRQHandler
                0x0000000010000110                nCTIIRQ2_IRQHandler
                0x0000000010000110                HASH1_IRQHandler
                0x0000000010000110                GPU_IRQHandler
                0x0000000010000110                SAI2_IRQHandler
                0x0000000010000110                ADC1_IRQHandler
                0x0000000010000110                RESERVED148_IRQHandler
                0x0000000010000110                RTC_TIMESTAMP_IRQHandler
                0x0000000010000110                DFSDM1_FLT3_IRQHandler
                0x0000000010000110                USART6_IRQHandler
                0x0000000010000110                EXTI15_IRQHandler
                0x0000000010000110                TIM17_IRQHandler
                0x0000000010000110                USART3_IRQHandler
                0x0000000010000110                EXTI9_IRQHandler
                0x0000000010000110                LPTIM5_IRQHandler
                0x0000000010000110                UART5_IRQHandler
                0x0000000010000110                DMA2_Stream0_IRQHandler
                0x0000000010000110                TIM4_IRQHandler
                0x0000000010000110                RCC_WAKEUP_IRQHandler
                0x0000000010000110                CRYP2_IRQHandler
                0x0000000010000110                QUADSPI_IRQHandler
                0x0000000010000110                I2C1_EV_IRQHandler
                0x0000000010000110                DMA1_Stream6_IRQHandler
                0x0000000010000110                RESERVED99_IRQHandler
                0x0000000010000110                DMAMUX1_OVR_IRQHandler
                0x0000000010000110                DMA1_Stream1_IRQHandler
                0x0000000010000110                TIM16_IRQHandler
                0x0000000010000110                UART4_IRQHandler
                0x0000000010000110                TIM3_IRQHandler
                0x0000000010000110                RCC_IRQHandler
                0x0000000010000110                TIM1_TRG_COM_IRQHandler
                0x0000000010000110                nCTIIRQ1_IRQHandler
                0x0000000010000110                Default_Handler
                0x0000000010000110                CEC_IRQHandler
                0x0000000010000110                DFSDM1_FLT4_IRQHandler
                0x0000000010000110                TIM14_IRQHandler
                0x0000000010000110                I2C5_ER_IRQHandler
                0x0000000010000110                TIM13_IRQHandler
                0x0000000010000110                DMA1_Stream7_IRQHandler
                0x0000000010000110                IPCC_TX0_IRQHandler
                0x0000000010000110                SPI5_IRQHandler
                0x0000000010000110                TIM12_IRQHandler
                0x0000000010000110                TIM7_IRQHandler
                0x0000000010000110                SDMMC1_IRQHandler
                0x0000000010000110                TIM5_IRQHandler
                0x0000000010000110                DMA2_Stream7_IRQHandler
                0x0000000010000110                TIM15_IRQHandler
                0x0000000010000110                PVD_AVD_IRQHandler
                0x0000000010000110                I2C3_EV_IRQHandler
                0x0000000010000110                SDMMC3_IRQHandler
                0x0000000010000110                ETH1_IRQHandler
                0x0000000010000110                LTDC_IRQHandler
                0x0000000010000110                SAI3_IRQHandler
                0x0000000010000110                SPDIF_RX_IRQHandler
                0x0000000010000110                ADC2_IRQHandler
                0x0000000010000110                SPI2_IRQHandler
                0x0000000010000110                DFSDM1_FLT5_IRQHandler
                0x0000000010000110                DMA1_Stream0_IRQHandler
                0x0000000010000110                EXTI14_IRQHandler
                0x0000000010000110                EXTI11_IRQHandler
                0x0000000010000110                CRYP1_IRQHandler
                0x0000000010000110                RNG2_IRQHandler
                0x0000000010000110                RNG1_IRQHandler
                0x0000000010000110                HASH2_IRQHandler
                0x0000000010000110                EXTI4_IRQHandler
                0x0000000010000110                ETH1_LPI_IRQHandler
                0x0000000010000110                FDCAN2_IT1_IRQHandler
                0x0000000010000110                DSI_IRQHandler
                0x0000000010000110                TIM1_UP_IRQHandler
                0x0000000010000110                HSEM_IT2_IRQHandler
                0x0000000010000110                SPI6_IRQHandler
                0x0000000010000110                MDIOS_IRQHandler
                0x0000000010000110                I2C4_EV_IRQHandler
                0x0000000010000110                FDCAN2_IT0_IRQHandler
                0x0000000010000110                I2C6_ER_IRQHandler
                0x0000000010000110                FDCAN1_IT0_IRQHandler
                0x0000000010000110                TIM2_IRQHandler
                0x0000000010000110                EXTI7_IRQHandler
                0x0000000010000110                TIM1_BRK_IRQHandler
                0x0000000010000110                DAC_IRQHandler
                0x0000000010000110                EXTI1_IRQHandler
                0x0000000010000110                SDMMC2_IRQHandler
                0x0000000010000110                DTS_IRQHandler
                0x0000000010000110                UART7_IRQHandler
                0x0000000010000110                USART2_IRQHandler
                0x0000000010000110                I2C6_EV_IRQHandler
                0x0000000010000110                DFSDM1_FLT0_IRQHandler
                0x0000000010000110                SAI4_IRQHandler
                0x0000000010000110                I2C2_ER_IRQHandler
                0x0000000010000110                DMA2_Stream1_IRQHandler
                0x0000000010000110                TIM8_BRK_IRQHandler
                0x0000000010000110                WWDG1_IRQHandler
                0x0000000010000110                DMA2_Stream4_IRQHandler
                0x0000000010000110                USART1_IRQHandler
                0x0000000010000110                RESERVED143_IRQHandler
                0x0000000010000110                EXTI10_IRQHandler
                0x0000000010000110                SPI3_IRQHandler
                0x0000000010000110                WAKEUP_PIN_IRQHandler
                0x0000000010000110                DMA1_Stream4_IRQHandler
                0x0000000010000110                I2C1_ER_IRQHandler
                0x0000000010000110                FMC_IRQHandler
                0x0000000010000110                FDCAN_CAL_IRQHandler
                0x0000000010000110                EXTI6_IRQHandler
                0x0000000010000110                MPU_SEV_IRQHandler
                0x0000000010000110                LPTIM1_IRQHandler
                0x0000000010000110                RTC_WKUP_ALARM_IRQHandler
                0x0000000010000110                I2C4_ER_IRQHandler
                0x0000000010000110                DMA2_Stream6_IRQHandler
                0x0000000010000110                SAI1_IRQHandler
                0x0000000010000110                DMA1_Stream3_IRQHandler
                0x0000000010000110                RESERVED4_IRQHandler
 *fill*         0x0000000010000112        0x2 
 .text.Periph_Lock
                0x0000000010000114      0x11c ./Application/User/lock_resource.o
                0x0000000010000114                Periph_Lock
 .text.Periph_Unlock
                0x0000000010000230       0xe8 ./Application/User/lock_resource.o
                0x0000000010000230                Periph_Unlock
 .text.main     0x0000000010000318      0x218 ./Application/User/main.o
                0x0000000010000318                main
 .text.SystemClock_Config
                0x0000000010000530      0x3e2 ./Application/User/main.o
                0x0000000010000530                SystemClock_Config
 *fill*         0x0000000010000912        0x2 
 .text.MX_IPCC_Init
                0x0000000010000914       0x28 ./Application/User/main.o
 .text.VIRT_UART1_RxCpltCallback
                0x000000001000093c       0x84 ./Application/User/main.o
                0x000000001000093c                VIRT_UART1_RxCpltCallback
 .text.VIRT_UART0_RxCpltCallback
                0x00000000100009c0       0xec ./Application/User/main.o
                0x00000000100009c0                VIRT_UART0_RxCpltCallback
 .text.Error_Handler
                0x0000000010000aac       0x44 ./Application/User/main.o
                0x0000000010000aac                Error_Handler
 .text.MAILBOX_Init
                0x0000000010000af0       0xb8 ./Application/User/mbox_ipcc.o
                0x0000000010000af0                MAILBOX_Init
 .text.MAILBOX_Poll
                0x0000000010000ba8       0x54 ./Application/User/mbox_ipcc.o
                0x0000000010000ba8                MAILBOX_Poll
 .text.MAILBOX_Notify
                0x0000000010000bfc       0x9c ./Application/User/mbox_ipcc.o
                0x0000000010000bfc                MAILBOX_Notify
 .text.IPCC_channel1_callback
                0x0000000010000c98       0x2c ./Application/User/mbox_ipcc.o
                0x0000000010000c98                IPCC_channel1_callback
 .text.IPCC_channel2_callback
                0x0000000010000cc4       0x2c ./Application/User/mbox_ipcc.o
                0x0000000010000cc4                IPCC_channel2_callback
 .text.metal_device_io_region
                0x0000000010000cf0       0x36 ./Application/User/openamp.o
 *fill*         0x0000000010000d26        0x2 
 .text.OPENAMP_shmem_init
                0x0000000010000d28      0x140 ./Application/User/openamp.o
 .text.MX_OPENAMP_Init
                0x0000000010000e68      0x128 ./Application/User/openamp.o
                0x0000000010000e68                MX_OPENAMP_Init
 .text.OPENAMP_create_endpoint
                0x0000000010000f90       0x3c ./Application/User/openamp.o
                0x0000000010000f90                OPENAMP_create_endpoint
 .text.OPENAMP_check_for_message
                0x0000000010000fcc       0x18 ./Application/User/openamp.o
                0x0000000010000fcc                OPENAMP_check_for_message
 .text.log_buff
                0x0000000010000fe4       0x4c ./Application/User/openamp_log.o
                0x0000000010000fe4                log_buff
 .text.__io_putchar
                0x0000000010001030       0x18 ./Application/User/openamp_log.o
                0x0000000010001030                __io_putchar
 .text.resource_table_init
                0x0000000010001048       0x28 ./Application/User/rsc_table.o
                0x0000000010001048                resource_table_init
 .text.HAL_MspInit
                0x0000000010001070        0xe ./Application/User/stm32mp1xx_hal_msp.o
                0x0000000010001070                HAL_MspInit
 *fill*         0x000000001000107e        0x2 
 .text.HAL_IPCC_MspInit
                0x0000000010001080       0x3c ./Application/User/stm32mp1xx_hal_msp.o
                0x0000000010001080                HAL_IPCC_MspInit
 .text.NMI_Handler
                0x00000000100010bc        0xe ./Application/User/stm32mp1xx_it.o
                0x00000000100010bc                NMI_Handler
 .text.HardFault_Handler
                0x00000000100010ca        0x6 ./Application/User/stm32mp1xx_it.o
                0x00000000100010ca                HardFault_Handler
 .text.MemManage_Handler
                0x00000000100010d0        0x6 ./Application/User/stm32mp1xx_it.o
                0x00000000100010d0                MemManage_Handler
 .text.BusFault_Handler
                0x00000000100010d6        0x6 ./Application/User/stm32mp1xx_it.o
                0x00000000100010d6                BusFault_Handler
 .text.UsageFault_Handler
                0x00000000100010dc        0x6 ./Application/User/stm32mp1xx_it.o
                0x00000000100010dc                UsageFault_Handler
 .text.SVC_Handler
                0x00000000100010e2        0xe ./Application/User/stm32mp1xx_it.o
                0x00000000100010e2                SVC_Handler
 .text.DebugMon_Handler
                0x00000000100010f0        0xe ./Application/User/stm32mp1xx_it.o
                0x00000000100010f0                DebugMon_Handler
 .text.PendSV_Handler
                0x00000000100010fe        0xe ./Application/User/stm32mp1xx_it.o
                0x00000000100010fe                PendSV_Handler
 .text.SysTick_Handler
                0x000000001000110c        0xc ./Application/User/stm32mp1xx_it.o
                0x000000001000110c                SysTick_Handler
 .text.IPCC_RX1_IRQHandler
                0x0000000010001118       0x14 ./Application/User/stm32mp1xx_it.o
                0x0000000010001118                IPCC_RX1_IRQHandler
 .text._getpid  0x000000001000112c       0x10 ./Application/User/syscalls.o
                0x000000001000112c                _getpid
 .text._kill    0x000000001000113c       0x20 ./Application/User/syscalls.o
                0x000000001000113c                _kill
 .text._exit    0x000000001000115c       0x14 ./Application/User/syscalls.o
                0x000000001000115c                _exit
 .text._read    0x0000000010001170       0x3a ./Application/User/syscalls.o
                0x0000000010001170                _read
 .text._write   0x00000000100011aa       0x38 ./Application/User/syscalls.o
                0x00000000100011aa                _write
 .text._close   0x00000000100011e2       0x18 ./Application/User/syscalls.o
                0x00000000100011e2                _close
 .text._fstat   0x00000000100011fa       0x20 ./Application/User/syscalls.o
                0x00000000100011fa                _fstat
 .text._isatty  0x000000001000121a       0x16 ./Application/User/syscalls.o
                0x000000001000121a                _isatty
 .text._lseek   0x0000000010001230       0x1a ./Application/User/syscalls.o
                0x0000000010001230                _lseek
 *fill*         0x000000001000124a        0x2 
 .text.BSP_LED_Init
                0x000000001000124c       0xb8 ./Drivers/BSP/stm32mp15xx_disco.o
                0x000000001000124c                BSP_LED_Init
 .text.BSP_LED_On
                0x0000000010001304       0x70 ./Drivers/BSP/stm32mp15xx_disco.o
                0x0000000010001304                BSP_LED_On
 .text.BSP_LED_Off
                0x0000000010001374       0x70 ./Drivers/BSP/stm32mp15xx_disco.o
                0x0000000010001374                BSP_LED_Off
 .text.BSP_LED_Toggle
                0x00000000100013e4       0x3c ./Drivers/BSP/stm32mp15xx_disco.o
                0x00000000100013e4                BSP_LED_Toggle
 .text.SystemInit
                0x0000000010001420       0x4c ./Drivers/CMSIS/system_stm32mp1xx.o
                0x0000000010001420                SystemInit
 .text.HAL_Init
                0x000000001000146c       0x34 ./Drivers/STM32MP1xx_HAL_Driver/stm32mp1xx_hal.o
                0x000000001000146c                HAL_Init
 .text.HAL_InitTick
                0x00000000100014a0       0x6c ./Drivers/STM32MP1xx_HAL_Driver/stm32mp1xx_hal.o
                0x00000000100014a0                HAL_InitTick
 .text.HAL_IncTick
                0x000000001000150c       0x28 ./Drivers/STM32MP1xx_HAL_Driver/stm32mp1xx_hal.o
                0x000000001000150c                HAL_IncTick
 .text.HAL_GetTick
                0x0000000010001534       0x18 ./Drivers/STM32MP1xx_HAL_Driver/stm32mp1xx_hal.o
                0x0000000010001534                HAL_GetTick
 .text.HAL_GetHalVersion
                0x000000001000154c       0x12 ./Drivers/STM32MP1xx_HAL_Driver/stm32mp1xx_hal.o
                0x000000001000154c                HAL_GetHalVersion
 *fill*         0x000000001000155e        0x2 
 .text.__NVIC_SetPriorityGrouping
                0x0000000010001560       0x48 ./Drivers/STM32MP1xx_HAL_Driver/stm32mp1xx_hal_cortex.o
 .text.__NVIC_GetPriorityGrouping
                0x00000000100015a8       0x1c ./Drivers/STM32MP1xx_HAL_Driver/stm32mp1xx_hal_cortex.o
 .text.__NVIC_EnableIRQ
                0x00000000100015c4       0x3c ./Drivers/STM32MP1xx_HAL_Driver/stm32mp1xx_hal_cortex.o
 .text.__NVIC_SetPriority
                0x0000000010001600       0x54 ./Drivers/STM32MP1xx_HAL_Driver/stm32mp1xx_hal_cortex.o
 .text.NVIC_EncodePriority
                0x0000000010001654       0x66 ./Drivers/STM32MP1xx_HAL_Driver/stm32mp1xx_hal_cortex.o
 *fill*         0x00000000100016ba        0x2 
 .text.SysTick_Config
                0x00000000100016bc       0x44 ./Drivers/STM32MP1xx_HAL_Driver/stm32mp1xx_hal_cortex.o
 .text.HAL_NVIC_SetPriorityGrouping
                0x0000000010001700       0x16 ./Drivers/STM32MP1xx_HAL_Driver/stm32mp1xx_hal_cortex.o
                0x0000000010001700                HAL_NVIC_SetPriorityGrouping
 .text.HAL_NVIC_SetPriority
                0x0000000010001716       0x38 ./Drivers/STM32MP1xx_HAL_Driver/stm32mp1xx_hal_cortex.o
                0x0000000010001716                HAL_NVIC_SetPriority
 .text.HAL_NVIC_EnableIRQ
                0x000000001000174e       0x1c ./Drivers/STM32MP1xx_HAL_Driver/stm32mp1xx_hal_cortex.o
                0x000000001000174e                HAL_NVIC_EnableIRQ
 .text.HAL_SYSTICK_Config
                0x000000001000176a       0x18 ./Drivers/STM32MP1xx_HAL_Driver/stm32mp1xx_hal_cortex.o
                0x000000001000176a                HAL_SYSTICK_Config
 *fill*         0x0000000010001782        0x2 
 .text.HAL_GPIO_Init
                0x0000000010001784      0x354 ./Drivers/STM32MP1xx_HAL_Driver/stm32mp1xx_hal_gpio.o
                0x0000000010001784                HAL_GPIO_Init
 .text.HAL_GPIO_WritePin
                0x0000000010001ad8       0x32 ./Drivers/STM32MP1xx_HAL_Driver/stm32mp1xx_hal_gpio.o
                0x0000000010001ad8                HAL_GPIO_WritePin
 .text.HAL_GPIO_TogglePin
                0x0000000010001b0a       0x32 ./Drivers/STM32MP1xx_HAL_Driver/stm32mp1xx_hal_gpio.o
                0x0000000010001b0a                HAL_GPIO_TogglePin
 .text.HAL_HSEM_FastTake
                0x0000000010001b3c       0x30 ./Drivers/STM32MP1xx_HAL_Driver/stm32mp1xx_hal_hsem.o
                0x0000000010001b3c                HAL_HSEM_FastTake
 .text.HAL_HSEM_Release
                0x0000000010001b6c       0x26 ./Drivers/STM32MP1xx_HAL_Driver/stm32mp1xx_hal_hsem.o
                0x0000000010001b6c                HAL_HSEM_Release
 *fill*         0x0000000010001b92        0x2 
 .text.HAL_IPCC_Init
                0x0000000010001b94       0x64 ./Drivers/STM32MP1xx_HAL_Driver/stm32mp1xx_hal_ipcc.o
                0x0000000010001b94                HAL_IPCC_Init
 .text.HAL_IPCC_ActivateNotification
                0x0000000010001bf8       0x9c ./Drivers/STM32MP1xx_HAL_Driver/stm32mp1xx_hal_ipcc.o
                0x0000000010001bf8                HAL_IPCC_ActivateNotification
 .text.HAL_IPCC_GetChannelStatus
                0x0000000010001c94       0x68 ./Drivers/STM32MP1xx_HAL_Driver/stm32mp1xx_hal_ipcc.o
                0x0000000010001c94                HAL_IPCC_GetChannelStatus
 .text.HAL_IPCC_NotifyCPU
                0x0000000010001cfc       0x8c ./Drivers/STM32MP1xx_HAL_Driver/stm32mp1xx_hal_ipcc.o
                0x0000000010001cfc                HAL_IPCC_NotifyCPU
 .text.HAL_IPCC_RX_IRQHandler
                0x0000000010001d88       0x98 ./Drivers/STM32MP1xx_HAL_Driver/stm32mp1xx_hal_ipcc.o
                0x0000000010001d88                HAL_IPCC_RX_IRQHandler
 .text.HAL_IPCC_RxCallback
                0x0000000010001e20       0x1a ./Drivers/STM32MP1xx_HAL_Driver/stm32mp1xx_hal_ipcc.o
                0x0000000010001e20                HAL_IPCC_RxCallback
 .text.HAL_IPCC_TxCallback
                0x0000000010001e3a       0x1a ./Drivers/STM32MP1xx_HAL_Driver/stm32mp1xx_hal_ipcc.o
                0x0000000010001e3a                HAL_IPCC_TxCallback
 .text.IPCC_UnmaskInterrupt
                0x0000000010001e54       0x5c ./Drivers/STM32MP1xx_HAL_Driver/stm32mp1xx_hal_ipcc.o
                0x0000000010001e54                IPCC_UnmaskInterrupt
 .text.IPCC_SetDefaultCallbacks
                0x0000000010001eb0       0x4c ./Drivers/STM32MP1xx_HAL_Driver/stm32mp1xx_hal_ipcc.o
                0x0000000010001eb0                IPCC_SetDefaultCallbacks
 .text.IPCC_Reset_Register
                0x0000000010001efc       0x28 ./Drivers/STM32MP1xx_HAL_Driver/stm32mp1xx_hal_ipcc.o
                0x0000000010001efc                IPCC_Reset_Register
 .text.HAL_PWR_EnableBkUpAccess
                0x0000000010001f24       0x20 ./Drivers/STM32MP1xx_HAL_Driver/stm32mp1xx_hal_pwr.o
                0x0000000010001f24                HAL_PWR_EnableBkUpAccess
 .text.HAL_RCC_OscConfig
                0x0000000010001f44      0x664 ./Drivers/STM32MP1xx_HAL_Driver/stm32mp1xx_hal_rcc.o
                0x0000000010001f44                HAL_RCC_OscConfig
 .text.HAL_RCC_HSEConfig
                0x00000000100025a8       0xd6 ./Drivers/STM32MP1xx_HAL_Driver/stm32mp1xx_hal_rcc.o
                0x00000000100025a8                HAL_RCC_HSEConfig
 .text.HAL_RCC_LSEConfig
                0x000000001000267e       0xfa ./Drivers/STM32MP1xx_HAL_Driver/stm32mp1xx_hal_rcc.o
                0x000000001000267e                HAL_RCC_LSEConfig
 .text.RCC_PLL1_Config
                0x0000000010002778      0x308 ./Drivers/STM32MP1xx_HAL_Driver/stm32mp1xx_hal_rcc.o
                0x0000000010002778                RCC_PLL1_Config
 .text.HAL_RCC_ClockConfig
                0x0000000010002a80      0x224 ./Drivers/STM32MP1xx_HAL_Driver/stm32mp1xx_hal_rcc.o
                0x0000000010002a80                HAL_RCC_ClockConfig
 .text.RCC_MPUConfig
                0x0000000010002ca4       0xec ./Drivers/STM32MP1xx_HAL_Driver/stm32mp1xx_hal_rcc.o
                0x0000000010002ca4                RCC_MPUConfig
 .text.RCC_AXISSConfig
                0x0000000010002d90      0x12e ./Drivers/STM32MP1xx_HAL_Driver/stm32mp1xx_hal_rcc.o
                0x0000000010002d90                RCC_AXISSConfig
 *fill*         0x0000000010002ebe        0x2 
 .text.RCC_MCUConfig
                0x0000000010002ec0      0x150 ./Drivers/STM32MP1xx_HAL_Driver/stm32mp1xx_hal_rcc.o
                0x0000000010002ec0                RCC_MCUConfig
 .text.HAL_RCC_GetPLL3ClockFreq
                0x0000000010003010      0x1f4 ./Drivers/STM32MP1xx_HAL_Driver/stm32mp1xx_hal_rcc.o
                0x0000000010003010                HAL_RCC_GetPLL3ClockFreq
 .text.HAL_RCC_GetMCUFreq
                0x0000000010003204       0x36 ./Drivers/STM32MP1xx_HAL_Driver/stm32mp1xx_hal_rcc.o
                0x0000000010003204                HAL_RCC_GetMCUFreq
 .text.HAL_RCC_GetSystemCoreClockFreq
                0x000000001000323a        0xe ./Drivers/STM32MP1xx_HAL_Driver/stm32mp1xx_hal_rcc.o
                0x000000001000323a                HAL_RCC_GetSystemCoreClockFreq
 .text.HAL_RCC_GetMCUSSFreq
                0x0000000010003248       0x74 ./Drivers/STM32MP1xx_HAL_Driver/stm32mp1xx_hal_rcc.o
                0x0000000010003248                HAL_RCC_GetMCUSSFreq
 .text.RCCEx_PLL2_Config
                0x00000000100032bc      0x304 ./Drivers/STM32MP1xx_HAL_Driver/stm32mp1xx_hal_rcc_ex.o
                0x00000000100032bc                RCCEx_PLL2_Config
 .text.RCCEx_PLL3_Config
                0x00000000100035c0      0x2d4 ./Drivers/STM32MP1xx_HAL_Driver/stm32mp1xx_hal_rcc_ex.o
                0x00000000100035c0                RCCEx_PLL3_Config
 .text.RCCEx_PLL4_Config
                0x0000000010003894      0x2b0 ./Drivers/STM32MP1xx_HAL_Driver/stm32mp1xx_hal_rcc_ex.o
                0x0000000010003894                RCCEx_PLL4_Config
 .text.metal_list_init
                0x0000000010003b44       0x20 ./Middlewares/OpenAMP/libmetal/device.o
 .text.metal_list_add_before
                0x0000000010003b64       0x34 ./Middlewares/OpenAMP/libmetal/device.o
 .text.metal_list_add_tail
                0x0000000010003b98       0x1a ./Middlewares/OpenAMP/libmetal/device.o
 .text.__metal_cache_flush
                0x0000000010003bb2       0x1a ./Middlewares/OpenAMP/libmetal/device.o
 .text.__metal_cache_invalidate
                0x0000000010003bcc       0x1a ./Middlewares/OpenAMP/libmetal/device.o
 .text.metal_cache_flush
                0x0000000010003be6       0x1a ./Middlewares/OpenAMP/libmetal/device.o
 .text.metal_cache_invalidate
                0x0000000010003c00       0x1a ./Middlewares/OpenAMP/libmetal/device.o
 *fill*         0x0000000010003c1a        0x2 
 .text.metal_bus_register
                0x0000000010003c1c       0x88 ./Middlewares/OpenAMP/libmetal/device.o
                0x0000000010003c1c                metal_bus_register
 .text.metal_bus_find
                0x0000000010003ca4       0x5c ./Middlewares/OpenAMP/libmetal/device.o
                0x0000000010003ca4                metal_bus_find
 .text.metal_device_open
                0x0000000010003d00       0x7c ./Middlewares/OpenAMP/libmetal/device.o
                0x0000000010003d00                metal_device_open
 .text.metal_register_generic_device
                0x0000000010003d7c       0x4c ./Middlewares/OpenAMP/libmetal/device.o
                0x0000000010003d7c                metal_register_generic_device
 .text.metal_generic_dev_open
                0x0000000010003dc8       0x60 ./Middlewares/OpenAMP/libmetal/device.o
                0x0000000010003dc8                metal_generic_dev_open
 .text.metal_generic_dev_dma_map
                0x0000000010003e28       0xa2 ./Middlewares/OpenAMP/libmetal/device.o
                0x0000000010003e28                metal_generic_dev_dma_map
 .text.metal_generic_dev_dma_unmap
                0x0000000010003eca       0x56 ./Middlewares/OpenAMP/libmetal/device.o
                0x0000000010003eca                metal_generic_dev_dma_unmap
 .text.metal_list_init
                0x0000000010003f20       0x20 ./Middlewares/OpenAMP/libmetal/init.o
 .text.metal_init
                0x0000000010003f40       0x64 ./Middlewares/OpenAMP/libmetal/init.o
                0x0000000010003f40                metal_init
 .text.metal_io_virt
                0x0000000010003fa4       0x38 ./Middlewares/OpenAMP/libmetal/io.o
 .text.metal_io_init
                0x0000000010003fdc       0x9a ./Middlewares/OpenAMP/libmetal/io.o
                0x0000000010003fdc                metal_io_init
 .text.metal_io_block_read
                0x0000000010004076       0xea ./Middlewares/OpenAMP/libmetal/io.o
                0x0000000010004076                metal_io_block_read
 .text.metal_io_block_write
                0x0000000010004160       0xe8 ./Middlewares/OpenAMP/libmetal/io.o
                0x0000000010004160                metal_io_block_write
 .text.metal_default_log_handler
                0x0000000010004248       0x1a ./Middlewares/OpenAMP/libmetal/log.o
                0x0000000010004248                metal_default_log_handler
 .text.metal_generic_dev_sys_open
                0x0000000010004262       0x4e ./Middlewares/OpenAMP/libmetal/generic/generic_device.o
                0x0000000010004262                metal_generic_dev_sys_open
 .text.metal_sys_init
                0x00000000100042b0       0x1c ./Middlewares/OpenAMP/libmetal/generic/generic_init.o
                0x00000000100042b0                metal_sys_init
 .text.metal_sys_io_mem_map
                0x00000000100042cc       0x7c ./Middlewares/OpenAMP/libmetal/generic/generic_io.o
                0x00000000100042cc                metal_sys_io_mem_map
 .text.metal_machine_cache_flush
                0x0000000010004348       0x16 ./Middlewares/OpenAMP/libmetal/generic/template/sys.o
                0x0000000010004348                metal_machine_cache_flush
 .text.metal_machine_cache_invalidate
                0x000000001000435e       0x16 ./Middlewares/OpenAMP/libmetal/generic/template/sys.o
                0x000000001000435e                metal_machine_cache_invalidate
 .text.metal_machine_io_mem_map
                0x0000000010004374       0x1c ./Middlewares/OpenAMP/libmetal/generic/template/sys.o
                0x0000000010004374                metal_machine_io_mem_map
 .text.metal_io_virt
                0x0000000010004390       0x38 ./Middlewares/OpenAMP/open-amp/remoteproc/remoteproc_virtio.o
 .text.metal_io_virt_to_offset
                0x00000000100043c8       0x32 ./Middlewares/OpenAMP/open-amp/remoteproc/remoteproc_virtio.o
 *fill*         0x00000000100043fa        0x2 
 .text.metal_io_read
                0x00000000100043fc      0x104 ./Middlewares/OpenAMP/open-amp/remoteproc/remoteproc_virtio.o
 .text.metal_allocate_memory
                0x0000000010004500       0x18 ./Middlewares/OpenAMP/open-amp/remoteproc/remoteproc_virtio.o
 .text.metal_free_memory
                0x0000000010004518       0x16 ./Middlewares/OpenAMP/open-amp/remoteproc/remoteproc_virtio.o
 .text.virtqueue_allocate
                0x000000001000452e       0x32 ./Middlewares/OpenAMP/open-amp/remoteproc/remoteproc_virtio.o
 .text.rproc_virtio_virtqueue_notify
                0x0000000010004560       0x68 ./Middlewares/OpenAMP/open-amp/remoteproc/remoteproc_virtio.o
 .text.rproc_virtio_get_status
                0x00000000100045c8       0x44 ./Middlewares/OpenAMP/open-amp/remoteproc/remoteproc_virtio.o
 .text.rproc_virtio_get_dfeatures
                0x000000001000460c       0x44 ./Middlewares/OpenAMP/open-amp/remoteproc/remoteproc_virtio.o
 .text.rproc_virtio_get_features
                0x0000000010004650       0x50 ./Middlewares/OpenAMP/open-amp/remoteproc/remoteproc_virtio.o
 .text.rproc_virtio_read_config
                0x00000000100046a0       0x66 ./Middlewares/OpenAMP/open-amp/remoteproc/remoteproc_virtio.o
 *fill*         0x0000000010004706        0x2 
 .text.rproc_virtio_create_vdev
                0x0000000010004708      0x15c ./Middlewares/OpenAMP/open-amp/remoteproc/remoteproc_virtio.o
                0x0000000010004708                rproc_virtio_create_vdev
 .text.rproc_virtio_init_vring
                0x0000000010004864       0x62 ./Middlewares/OpenAMP/open-amp/remoteproc/remoteproc_virtio.o
                0x0000000010004864                rproc_virtio_init_vring
 .text.rproc_virtio_notified
                0x00000000100048c6       0x78 ./Middlewares/OpenAMP/open-amp/remoteproc/remoteproc_virtio.o
                0x00000000100048c6                rproc_virtio_notified
 .text.rproc_virtio_wait_remote_ready
                0x000000001000493e       0x32 ./Middlewares/OpenAMP/open-amp/remoteproc/remoteproc_virtio.o
                0x000000001000493e                rproc_virtio_wait_remote_ready
 .text.__metal_mutex_acquire
                0x0000000010004970       0x5e ./Middlewares/OpenAMP/open-amp/rpmsg/rpmsg.o
 .text.__metal_mutex_release
                0x00000000100049ce       0x2c ./Middlewares/OpenAMP/open-amp/rpmsg/rpmsg.o
 .text.metal_mutex_acquire
                0x00000000100049fa       0x16 ./Middlewares/OpenAMP/open-amp/rpmsg/rpmsg.o
 .text.metal_mutex_release
                0x0000000010004a10       0x16 ./Middlewares/OpenAMP/open-amp/rpmsg/rpmsg.o
 .text.metal_list_add_before
                0x0000000010004a26       0x34 ./Middlewares/OpenAMP/open-amp/rpmsg/rpmsg.o
 .text.metal_list_add_tail
                0x0000000010004a5a       0x1a ./Middlewares/OpenAMP/open-amp/rpmsg/rpmsg.o
 .text.metal_list_del
                0x0000000010004a74       0x34 ./Middlewares/OpenAMP/open-amp/rpmsg/rpmsg.o
 .text.metal_bitmap_set_bit
                0x0000000010004aa8       0x38 ./Middlewares/OpenAMP/open-amp/rpmsg/rpmsg.o
 .text.metal_bitmap_is_bit_set
                0x0000000010004ae0       0x3a ./Middlewares/OpenAMP/open-amp/rpmsg/rpmsg.o
 .text.metal_bitmap_clear_bit
                0x0000000010004b1a       0x3a ./Middlewares/OpenAMP/open-amp/rpmsg/rpmsg.o
 .text.metal_bitmap_is_bit_clear
                0x0000000010004b54       0x26 ./Middlewares/OpenAMP/open-amp/rpmsg/rpmsg.o
 .text.metal_bitmap_next_clear_bit
                0x0000000010004b7a       0x3a ./Middlewares/OpenAMP/open-amp/rpmsg/rpmsg.o
 .text.rpmsg_initialize_ept
                0x0000000010004bb4       0x48 ./Middlewares/OpenAMP/open-amp/rpmsg/rpmsg.o
 .text.rpmsg_get_address
                0x0000000010004bfc       0x42 ./Middlewares/OpenAMP/open-amp/rpmsg/rpmsg.o
 .text.rpmsg_release_address
                0x0000000010004c3e       0x32 ./Middlewares/OpenAMP/open-amp/rpmsg/rpmsg.o
 .text.rpmsg_is_address_set
                0x0000000010004c70       0x3c ./Middlewares/OpenAMP/open-amp/rpmsg/rpmsg.o
 .text.rpmsg_set_address
                0x0000000010004cac       0x3c ./Middlewares/OpenAMP/open-amp/rpmsg/rpmsg.o
 .text.rpmsg_send_offchannel_raw
                0x0000000010004ce8       0x64 ./Middlewares/OpenAMP/open-amp/rpmsg/rpmsg.o
                0x0000000010004ce8                rpmsg_send_offchannel_raw
 .text.rpmsg_send_ns_message
                0x0000000010004d4c       0x50 ./Middlewares/OpenAMP/open-amp/rpmsg/rpmsg.o
                0x0000000010004d4c                rpmsg_send_ns_message
 .text.rpmsg_get_endpoint
                0x0000000010004d9c       0xc0 ./Middlewares/OpenAMP/open-amp/rpmsg/rpmsg.o
                0x0000000010004d9c                rpmsg_get_endpoint
 .text.rpmsg_unregister_endpoint
                0x0000000010004e5c       0x56 ./Middlewares/OpenAMP/open-amp/rpmsg/rpmsg.o
 .text.rpmsg_register_endpoint
                0x0000000010004eb2       0x26 ./Middlewares/OpenAMP/open-amp/rpmsg/rpmsg.o
                0x0000000010004eb2                rpmsg_register_endpoint
 .text.rpmsg_create_ept
                0x0000000010004ed8      0x104 ./Middlewares/OpenAMP/open-amp/rpmsg/rpmsg.o
                0x0000000010004ed8                rpmsg_create_ept
 .text.__metal_sleep_usec
                0x0000000010004fdc       0x16 ./Middlewares/OpenAMP/open-amp/rpmsg/rpmsg_virtio.o
 .text.metal_sleep_usec
                0x0000000010004ff2       0x18 ./Middlewares/OpenAMP/open-amp/rpmsg/rpmsg_virtio.o
 .text.metal_list_init
                0x000000001000500a       0x20 ./Middlewares/OpenAMP/open-amp/rpmsg/rpmsg_virtio.o
 .text.metal_io_virt_to_offset
                0x000000001000502a       0x32 ./Middlewares/OpenAMP/open-amp/rpmsg/rpmsg_virtio.o
 .text.__metal_mutex_init
                0x000000001000505c       0x2c ./Middlewares/OpenAMP/open-amp/rpmsg/rpmsg_virtio.o
 .text.__metal_mutex_acquire
                0x0000000010005088       0x5e ./Middlewares/OpenAMP/open-amp/rpmsg/rpmsg_virtio.o
 .text.__metal_mutex_release
                0x00000000100050e6       0x2c ./Middlewares/OpenAMP/open-amp/rpmsg/rpmsg_virtio.o
 .text.metal_mutex_init
                0x0000000010005112       0x16 ./Middlewares/OpenAMP/open-amp/rpmsg/rpmsg_virtio.o
 .text.metal_mutex_acquire
                0x0000000010005128       0x16 ./Middlewares/OpenAMP/open-amp/rpmsg/rpmsg_virtio.o
 .text.metal_mutex_release
                0x000000001000513e       0x16 ./Middlewares/OpenAMP/open-amp/rpmsg/rpmsg_virtio.o
 .text.rpmsg_virtio_get_role
                0x0000000010005154       0x1a ./Middlewares/OpenAMP/open-amp/rpmsg/rpmsg_virtio.o
 .text.rpmsg_virtio_set_status
                0x000000001000516e       0x26 ./Middlewares/OpenAMP/open-amp/rpmsg/rpmsg_virtio.o
 .text.rpmsg_virtio_get_status
                0x0000000010005194       0x22 ./Middlewares/OpenAMP/open-amp/rpmsg/rpmsg_virtio.o
 .text.rpmsg_virtio_get_features
                0x00000000100051b6       0x22 ./Middlewares/OpenAMP/open-amp/rpmsg/rpmsg_virtio.o
 .text.rpmsg_virtio_create_virtqueues
                0x00000000100051d8       0x2a ./Middlewares/OpenAMP/open-amp/rpmsg/rpmsg_virtio.o
 *fill*         0x0000000010005202        0x2 
 .text.rpmsg_initialize_ept
                0x0000000010005204       0x48 ./Middlewares/OpenAMP/open-amp/rpmsg/rpmsg_virtio.o
 .text.rpmsg_get_ept_from_addr
                0x000000001000524c       0x22 ./Middlewares/OpenAMP/open-amp/rpmsg/rpmsg_virtio.o
 .text.rpmsg_virtio_init_shm_pool
                0x000000001000526e       0x32 ./Middlewares/OpenAMP/open-amp/rpmsg/rpmsg_virtio.o
                0x000000001000526e                rpmsg_virtio_init_shm_pool
 .text.rpmsg_virtio_return_buffer
                0x00000000100052a0       0x32 ./Middlewares/OpenAMP/open-amp/rpmsg/rpmsg_virtio.o
 .text.rpmsg_virtio_enqueue_buffer
                0x00000000100052d2       0x3a ./Middlewares/OpenAMP/open-amp/rpmsg/rpmsg_virtio.o
 .text.rpmsg_virtio_get_tx_buffer
                0x000000001000530c       0x3a ./Middlewares/OpenAMP/open-amp/rpmsg/rpmsg_virtio.o
 .text.rpmsg_virtio_get_rx_buffer
                0x0000000010005346       0x38 ./Middlewares/OpenAMP/open-amp/rpmsg/rpmsg_virtio.o
 .text.rpmsg_virtio_wait_remote_ready
                0x000000001000537e       0x3a ./Middlewares/OpenAMP/open-amp/rpmsg/rpmsg_virtio.o
 .text.rpmsg_virtio_hold_rx_buffer
                0x00000000100053b8       0x28 ./Middlewares/OpenAMP/open-amp/rpmsg/rpmsg_virtio.o
 .text.rpmsg_virtio_release_rx_buffer
                0x00000000100053e0       0x52 ./Middlewares/OpenAMP/open-amp/rpmsg/rpmsg_virtio.o
 .text.rpmsg_virtio_get_tx_payload_buffer
                0x0000000010005432       0xa4 ./Middlewares/OpenAMP/open-amp/rpmsg/rpmsg_virtio.o
 *fill*         0x00000000100054d6        0x2 
 .text.rpmsg_virtio_send_offchannel_nocopy
                0x00000000100054d8       0xd8 ./Middlewares/OpenAMP/open-amp/rpmsg/rpmsg_virtio.o
 .text.rpmsg_virtio_send_offchannel_raw
                0x00000000100055b0       0x98 ./Middlewares/OpenAMP/open-amp/rpmsg/rpmsg_virtio.o
 .text.rpmsg_virtio_tx_callback
                0x0000000010005648       0x14 ./Middlewares/OpenAMP/open-amp/rpmsg/rpmsg_virtio.o
 .text.rpmsg_virtio_rx_callback
                0x000000001000565c      0x124 ./Middlewares/OpenAMP/open-amp/rpmsg/rpmsg_virtio.o
 .text.rpmsg_virtio_ns_callback
                0x0000000010005780       0xe6 ./Middlewares/OpenAMP/open-amp/rpmsg/rpmsg_virtio.o
 *fill*         0x0000000010005866        0x2 
 .text.rpmsg_init_vdev
                0x0000000010005868      0x1a0 ./Middlewares/OpenAMP/open-amp/rpmsg/rpmsg_virtio.o
                0x0000000010005868                rpmsg_init_vdev
 .text.virtio_create_virtqueues
                0x0000000010005a08       0x9c ./Middlewares/OpenAMP/open-amp/virtio/virtio.o
                0x0000000010005a08                virtio_create_virtqueues
 .text.vring_init
                0x0000000010005aa4       0x52 ./Middlewares/OpenAMP/open-amp/virtio/virtqueue.o
 .text.vring_need_event
                0x0000000010005af6       0x3c ./Middlewares/OpenAMP/open-amp/virtio/virtqueue.o
 .text.metal_io_virt
                0x0000000010005b32       0x38 ./Middlewares/OpenAMP/open-amp/virtio/virtqueue.o
 .text.metal_io_phys
                0x0000000010005b6a       0x6e ./Middlewares/OpenAMP/open-amp/virtio/virtqueue.o
 .text.metal_io_phys_to_offset
                0x0000000010005bd8       0x76 ./Middlewares/OpenAMP/open-amp/virtio/virtqueue.o
 .text.metal_io_phys_to_virt
                0x0000000010005c4e       0x26 ./Middlewares/OpenAMP/open-amp/virtio/virtqueue.o
 .text.virtqueue_phys_to_virt
                0x0000000010005c74       0x22 ./Middlewares/OpenAMP/open-amp/virtio/virtqueue.o
 .text.virtqueue_create
                0x0000000010005c96       0x62 ./Middlewares/OpenAMP/open-amp/virtio/virtqueue.o
                0x0000000010005c96                virtqueue_create
 .text.virtqueue_get_buffer_length
                0x0000000010005cf8       0x24 ./Middlewares/OpenAMP/open-amp/virtio/virtqueue.o
                0x0000000010005cf8                virtqueue_get_buffer_length
 .text.virtqueue_get_available_buffer
                0x0000000010005d1c       0x90 ./Middlewares/OpenAMP/open-amp/virtio/virtqueue.o
                0x0000000010005d1c                virtqueue_get_available_buffer
 .text.virtqueue_add_consumed_buffer
                0x0000000010005dac       0x84 ./Middlewares/OpenAMP/open-amp/virtio/virtqueue.o
                0x0000000010005dac                virtqueue_add_consumed_buffer
 .text.virtqueue_disable_cb
                0x0000000010005e30       0x70 ./Middlewares/OpenAMP/open-amp/virtio/virtqueue.o
                0x0000000010005e30                virtqueue_disable_cb
 .text.virtqueue_kick
                0x0000000010005ea0       0x2c ./Middlewares/OpenAMP/open-amp/virtio/virtqueue.o
                0x0000000010005ea0                virtqueue_kick
 .text.vq_ring_init
                0x0000000010005ecc       0x2c ./Middlewares/OpenAMP/open-amp/virtio/virtqueue.o
 .text.virtqueue_notification
                0x0000000010005ef8       0x24 ./Middlewares/OpenAMP/open-amp/virtio/virtqueue.o
                0x0000000010005ef8                virtqueue_notification
 .text.vq_ring_must_notify
                0x0000000010005f1c       0x9c ./Middlewares/OpenAMP/open-amp/virtio/virtqueue.o
 .text.vq_ring_notify
                0x0000000010005fb8       0x20 ./Middlewares/OpenAMP/open-amp/virtio/virtqueue.o
 .text.rpmsg_send
                0x0000000010005fd8       0x2e ./Middlewares/OpenAMP/virtual_driver/virt_uart.o
 .text.VIRT_UART_read_cb
                0x0000000010006006       0x3c ./Middlewares/OpenAMP/virtual_driver/virt_uart.o
 *fill*         0x0000000010006042        0x2 
 .text.VIRT_UART_Init
                0x0000000010006044       0x38 ./Middlewares/OpenAMP/virtual_driver/virt_uart.o
                0x0000000010006044                VIRT_UART_Init
 .text.VIRT_UART_RegisterCallback
                0x000000001000607c       0x34 ./Middlewares/OpenAMP/virtual_driver/virt_uart.o
                0x000000001000607c                VIRT_UART_RegisterCallback
 .text.VIRT_UART_Transmit
                0x00000000100060b0       0x3c ./Middlewares/OpenAMP/virtual_driver/virt_uart.o
                0x00000000100060b0                VIRT_UART_Transmit
 .text.__assert_func
                0x00000000100060ec       0x3c /opt/st/stm32cubeide_1.13.0/plugins/com.st.stm32cube.ide.mcu.externaltools.gnu-tools-for-stm32.11.3.rel1.linux64_1.1.0.202305231506/tools/bin/../lib/gcc/arm-none-eabi/11.3.1/../../../../arm-none-eabi/lib/thumb/v7e-m+fp/hard/libc_nano.a(libc_a-assert.o)
                0x00000000100060ec                __assert_func
 .text.malloc   0x0000000010006128       0x10 /opt/st/stm32cubeide_1.13.0/plugins/com.st.stm32cube.ide.mcu.externaltools.gnu-tools-for-stm32.11.3.rel1.linux64_1.1.0.202305231506/tools/bin/../lib/gcc/arm-none-eabi/11.3.1/../../../../arm-none-eabi/lib/thumb/v7e-m+fp/hard/libc_nano.a(libc_a-malloc.o)
                0x0000000010006128                malloc
 .text.free     0x0000000010006138       0x10 /opt/st/stm32cubeide_1.13.0/plugins/com.st.stm32cube.ide.mcu.externaltools.gnu-tools-for-stm32.11.3.rel1.linux64_1.1.0.202305231506/tools/bin/../lib/gcc/arm-none-eabi/11.3.1/../../../../arm-none-eabi/lib/thumb/v7e-m+fp/hard/libc_nano.a(libc_a-malloc.o)
                0x0000000010006138                free
 .text.sbrk_aligned
                0x0000000010006148       0x40 /opt/st/stm32cubeide_1.13.0/plugins/com.st.stm32cube.ide.mcu.externaltools.gnu-tools-for-stm32.11.3.rel1.linux64_1.1.0.202305231506/tools/bin/../lib/gcc/arm-none-eabi/11.3.1/../../../../arm-none-eabi/lib/thumb/v7e-m+fp/hard/libc_nano.a(libc_a-mallocr.o)
 .text._malloc_r
                0x0000000010006188      0x100 /opt/st/stm32cubeide_1.13.0/plugins/com.st.stm32cube.ide.mcu.externaltools.gnu-tools-for-stm32.11.3.rel1.linux64_1.1.0.202305231506/tools/bin/../lib/gcc/arm-none-eabi/11.3.1/../../../../arm-none-eabi/lib/thumb/v7e-m+fp/hard/libc_nano.a(libc_a-mallocr.o)
                0x0000000010006188                _malloc_r
 .text.__malloc_lock
                0x0000000010006288        0xc /opt/st/stm32cubeide_1.13.0/plugins/com.st.stm32cube.ide.mcu.externaltools.gnu-tools-for-stm32.11.3.rel1.linux64_1.1.0.202305231506/tools/bin/../lib/gcc/arm-none-eabi/11.3.1/../../../../arm-none-eabi/lib/thumb/v7e-m+fp/hard/libc_nano.a(libc_a-mlock.o)
                0x0000000010006288                __malloc_lock
 .text.__malloc_unlock
                0x0000000010006294        0xc /opt/st/stm32cubeide_1.13.0/plugins/com.st.stm32cube.ide.mcu.externaltools.gnu-tools-for-stm32.11.3.rel1.linux64_1.1.0.202305231506/tools/bin/../lib/gcc/arm-none-eabi/11.3.1/../../../../arm-none-eabi/lib/thumb/v7e-m+fp/hard/libc_nano.a(libc_a-mlock.o)
                0x0000000010006294                __malloc_unlock
 .text.std      0x00000000100062a0       0x48 /opt/st/stm32cubeide_1.13.0/plugins/com.st.stm32cube.ide.mcu.externaltools.gnu-tools-for-stm32.11.3.rel1.linux64_1.1.0.202305231506/tools/bin/../lib/gcc/arm-none-eabi/11.3.1/../../../../arm-none-eabi/lib/thumb/v7e-m+fp/hard/libc_nano.a(libc_a-findfp.o)
 .text.stdio_exit_handler
                0x00000000100062e8       0x18 /opt/st/stm32cubeide_1.13.0/plugins/com.st.stm32cube.ide.mcu.externaltools.gnu-tools-for-stm32.11.3.rel1.linux64_1.1.0.202305231506/tools/bin/../lib/gcc/arm-none-eabi/11.3.1/../../../../arm-none-eabi/lib/thumb/v7e-m+fp/hard/libc_nano.a(libc_a-findfp.o)
 .text.cleanup_stdio
                0x0000000010006300       0x40 /opt/st/stm32cubeide_1.13.0/plugins/com.st.stm32cube.ide.mcu.externaltools.gnu-tools-for-stm32.11.3.rel1.linux64_1.1.0.202305231506/tools/bin/../lib/gcc/arm-none-eabi/11.3.1/../../../../arm-none-eabi/lib/thumb/v7e-m+fp/hard/libc_nano.a(libc_a-findfp.o)
 .text.global_stdio_init.part.0
                0x0000000010006340       0x3c /opt/st/stm32cubeide_1.13.0/plugins/com.st.stm32cube.ide.mcu.externaltools.gnu-tools-for-stm32.11.3.rel1.linux64_1.1.0.202305231506/tools/bin/../lib/gcc/arm-none-eabi/11.3.1/../../../../arm-none-eabi/lib/thumb/v7e-m+fp/hard/libc_nano.a(libc_a-findfp.o)
 .text.__sfp_lock_acquire
                0x000000001000637c        0xc /opt/st/stm32cubeide_1.13.0/plugins/com.st.stm32cube.ide.mcu.externaltools.gnu-tools-for-stm32.11.3.rel1.linux64_1.1.0.202305231506/tools/bin/../lib/gcc/arm-none-eabi/11.3.1/../../../../arm-none-eabi/lib/thumb/v7e-m+fp/hard/libc_nano.a(libc_a-findfp.o)
                0x000000001000637c                __sfp_lock_acquire
 .text.__sfp_lock_release
                0x0000000010006388        0xc /opt/st/stm32cubeide_1.13.0/plugins/com.st.stm32cube.ide.mcu.externaltools.gnu-tools-for-stm32.11.3.rel1.linux64_1.1.0.202305231506/tools/bin/../lib/gcc/arm-none-eabi/11.3.1/../../../../arm-none-eabi/lib/thumb/v7e-m+fp/hard/libc_nano.a(libc_a-findfp.o)
                0x0000000010006388                __sfp_lock_release
 .text.__sinit  0x0000000010006394       0x30 /opt/st/stm32cubeide_1.13.0/plugins/com.st.stm32cube.ide.mcu.externaltools.gnu-tools-for-stm32.11.3.rel1.linux64_1.1.0.202305231506/tools/bin/../lib/gcc/arm-none-eabi/11.3.1/../../../../arm-none-eabi/lib/thumb/v7e-m+fp/hard/libc_nano.a(libc_a-findfp.o)
                0x0000000010006394                __sinit
 .text.fprintf  0x00000000100063c4       0x24 /opt/st/stm32cubeide_1.13.0/plugins/com.st.stm32cube.ide.mcu.externaltools.gnu-tools-for-stm32.11.3.rel1.linux64_1.1.0.202305231506/tools/bin/../lib/gcc/arm-none-eabi/11.3.1/../../../../arm-none-eabi/lib/thumb/v7e-m+fp/hard/libc_nano.a(libc_a-fprintf.o)
                0x00000000100063c4                fprintf
                0x00000000100063c4                fiprintf
 .text._fwalk_sglue
                0x00000000100063e8       0x3c /opt/st/stm32cubeide_1.13.0/plugins/com.st.stm32cube.ide.mcu.externaltools.gnu-tools-for-stm32.11.3.rel1.linux64_1.1.0.202305231506/tools/bin/../lib/gcc/arm-none-eabi/11.3.1/../../../../arm-none-eabi/lib/thumb/v7e-m+fp/hard/libc_nano.a(libc_a-fwalk.o)
                0x00000000100063e8                _fwalk_sglue
 .text.printf   0x0000000010006424       0x24 /opt/st/stm32cubeide_1.13.0/plugins/com.st.stm32cube.ide.mcu.externaltools.gnu-tools-for-stm32.11.3.rel1.linux64_1.1.0.202305231506/tools/bin/../lib/gcc/arm-none-eabi/11.3.1/../../../../arm-none-eabi/lib/thumb/v7e-m+fp/hard/libc_nano.a(libc_a-printf.o)
                0x0000000010006424                printf
                0x0000000010006424                iprintf
 .text.__sread  0x0000000010006448       0x22 /opt/st/stm32cubeide_1.13.0/plugins/com.st.stm32cube.ide.mcu.externaltools.gnu-tools-for-stm32.11.3.rel1.linux64_1.1.0.202305231506/tools/bin/../lib/gcc/arm-none-eabi/11.3.1/../../../../arm-none-eabi/lib/thumb/v7e-m+fp/hard/libc_nano.a(libc_a-stdio.o)
                0x0000000010006448                __sread
 .text.__swrite
                0x000000001000646a       0x38 /opt/st/stm32cubeide_1.13.0/plugins/com.st.stm32cube.ide.mcu.externaltools.gnu-tools-for-stm32.11.3.rel1.linux64_1.1.0.202305231506/tools/bin/../lib/gcc/arm-none-eabi/11.3.1/../../../../arm-none-eabi/lib/thumb/v7e-m+fp/hard/libc_nano.a(libc_a-stdio.o)
                0x000000001000646a                __swrite
 .text.__sseek  0x00000000100064a2       0x24 /opt/st/stm32cubeide_1.13.0/plugins/com.st.stm32cube.ide.mcu.externaltools.gnu-tools-for-stm32.11.3.rel1.linux64_1.1.0.202305231506/tools/bin/../lib/gcc/arm-none-eabi/11.3.1/../../../../arm-none-eabi/lib/thumb/v7e-m+fp/hard/libc_nano.a(libc_a-stdio.o)
                0x00000000100064a2                __sseek
 .text.__sclose
                0x00000000100064c6        0x8 /opt/st/stm32cubeide_1.13.0/plugins/com.st.stm32cube.ide.mcu.externaltools.gnu-tools-for-stm32.11.3.rel1.linux64_1.1.0.202305231506/tools/bin/../lib/gcc/arm-none-eabi/11.3.1/../../../../arm-none-eabi/lib/thumb/v7e-m+fp/hard/libc_nano.a(libc_a-stdio.o)
                0x00000000100064c6                __sclose
 .text.memset   0x00000000100064ce       0x10 /opt/st/stm32cubeide_1.13.0/plugins/com.st.stm32cube.ide.mcu.externaltools.gnu-tools-for-stm32.11.3.rel1.linux64_1.1.0.202305231506/tools/bin/../lib/gcc/arm-none-eabi/11.3.1/../../../../arm-none-eabi/lib/thumb/v7e-m+fp/hard/libc_nano.a(libc_a-memset.o)
                0x00000000100064ce                memset
 .text.strncmp  0x00000000100064de       0x24 /opt/st/stm32cubeide_1.13.0/plugins/com.st.stm32cube.ide.mcu.externaltools.gnu-tools-for-stm32.11.3.rel1.linux64_1.1.0.202305231506/tools/bin/../lib/gcc/arm-none-eabi/11.3.1/../../../../arm-none-eabi/lib/thumb/v7e-m+fp/hard/libc_nano.a(libc_a-strncmp.o)
                0x00000000100064de                strncmp
 .text.strncpy  0x0000000010006502       0x26 /opt/st/stm32cubeide_1.13.0/plugins/com.st.stm32cube.ide.mcu.externaltools.gnu-tools-for-stm32.11.3.rel1.linux64_1.1.0.202305231506/tools/bin/../lib/gcc/arm-none-eabi/11.3.1/../../../../arm-none-eabi/lib/thumb/v7e-m+fp/hard/libc_nano.a(libc_a-strncpy.o)
                0x0000000010006502                strncpy
 .text._close_r
                0x0000000010006528       0x20 /opt/st/stm32cubeide_1.13.0/plugins/com.st.stm32cube.ide.mcu.externaltools.gnu-tools-for-stm32.11.3.rel1.linux64_1.1.0.202305231506/tools/bin/../lib/gcc/arm-none-eabi/11.3.1/../../../../arm-none-eabi/lib/thumb/v7e-m+fp/hard/libc_nano.a(libc_a-closer.o)
                0x0000000010006528                _close_r
 .text._lseek_r
                0x0000000010006548       0x24 /opt/st/stm32cubeide_1.13.0/plugins/com.st.stm32cube.ide.mcu.externaltools.gnu-tools-for-stm32.11.3.rel1.linux64_1.1.0.202305231506/tools/bin/../lib/gcc/arm-none-eabi/11.3.1/../../../../arm-none-eabi/lib/thumb/v7e-m+fp/hard/libc_nano.a(libc_a-lseekr.o)
                0x0000000010006548                _lseek_r
 .text._read_r  0x000000001000656c       0x24 /opt/st/stm32cubeide_1.13.0/plugins/com.st.stm32cube.ide.mcu.externaltools.gnu-tools-for-stm32.11.3.rel1.linux64_1.1.0.202305231506/tools/bin/../lib/gcc/arm-none-eabi/11.3.1/../../../../arm-none-eabi/lib/thumb/v7e-m+fp/hard/libc_nano.a(libc_a-readr.o)
                0x000000001000656c                _read_r
 .text._sbrk_r  0x0000000010006590       0x20 /opt/st/stm32cubeide_1.13.0/plugins/com.st.stm32cube.ide.mcu.externaltools.gnu-tools-for-stm32.11.3.rel1.linux64_1.1.0.202305231506/tools/bin/../lib/gcc/arm-none-eabi/11.3.1/../../../../arm-none-eabi/lib/thumb/v7e-m+fp/hard/libc_nano.a(libc_a-sbrkr.o)
                0x0000000010006590                _sbrk_r
 .text._write_r
                0x00000000100065b0       0x24 /opt/st/stm32cubeide_1.13.0/plugins/com.st.stm32cube.ide.mcu.externaltools.gnu-tools-for-stm32.11.3.rel1.linux64_1.1.0.202305231506/tools/bin/../lib/gcc/arm-none-eabi/11.3.1/../../../../arm-none-eabi/lib/thumb/v7e-m+fp/hard/libc_nano.a(libc_a-writer.o)
                0x00000000100065b0                _write_r
 .text.__errno  0x00000000100065d4        0xc /opt/st/stm32cubeide_1.13.0/plugins/com.st.stm32cube.ide.mcu.externaltools.gnu-tools-for-stm32.11.3.rel1.linux64_1.1.0.202305231506/tools/bin/../lib/gcc/arm-none-eabi/11.3.1/../../../../arm-none-eabi/lib/thumb/v7e-m+fp/hard/libc_nano.a(libc_a-errno.o)
                0x00000000100065d4                __errno
 .text.__libc_init_array
                0x00000000100065e0       0x48 /opt/st/stm32cubeide_1.13.0/plugins/com.st.stm32cube.ide.mcu.externaltools.gnu-tools-for-stm32.11.3.rel1.linux64_1.1.0.202305231506/tools/bin/../lib/gcc/arm-none-eabi/11.3.1/../../../../arm-none-eabi/lib/thumb/v7e-m+fp/hard/libc_nano.a(libc_a-init.o)
                0x00000000100065e0                __libc_init_array
 .text.__retarget_lock_acquire_recursive
                0x0000000010006628        0x2 /opt/st/stm32cubeide_1.13.0/plugins/com.st.stm32cube.ide.mcu.externaltools.gnu-tools-for-stm32.11.3.rel1.linux64_1.1.0.202305231506/tools/bin/../lib/gcc/arm-none-eabi/11.3.1/../../../../arm-none-eabi/lib/thumb/v7e-m+fp/hard/libc_nano.a(libc_a-lock.o)
                0x0000000010006628                __retarget_lock_acquire_recursive
 .text.__retarget_lock_release_recursive
                0x000000001000662a        0x2 /opt/st/stm32cubeide_1.13.0/plugins/com.st.stm32cube.ide.mcu.externaltools.gnu-tools-for-stm32.11.3.rel1.linux64_1.1.0.202305231506/tools/bin/../lib/gcc/arm-none-eabi/11.3.1/../../../../arm-none-eabi/lib/thumb/v7e-m+fp/hard/libc_nano.a(libc_a-lock.o)
                0x000000001000662a                __retarget_lock_release_recursive
 .text.memcpy   0x000000001000662c       0x1c /opt/st/stm32cubeide_1.13.0/plugins/com.st.stm32cube.ide.mcu.externaltools.gnu-tools-for-stm32.11.3.rel1.linux64_1.1.0.202305231506/tools/bin/../lib/gcc/arm-none-eabi/11.3.1/../../../../arm-none-eabi/lib/thumb/v7e-m+fp/hard/libc_nano.a(libc_a-memcpy-stub.o)
                0x000000001000662c                memcpy
 .text.abort    0x0000000010006648        0xe /opt/st/stm32cubeide_1.13.0/plugins/com.st.stm32cube.ide.mcu.externaltools.gnu-tools-for-stm32.11.3.rel1.linux64_1.1.0.202305231506/tools/bin/../lib/gcc/arm-none-eabi/11.3.1/../../../../arm-none-eabi/lib/thumb/v7e-m+fp/hard/libc_nano.a(libc_a-abort.o)
                0x0000000010006648                abort
 *fill*         0x0000000010006656        0x2 
 .text._free_r  0x0000000010006658       0x98 /opt/st/stm32cubeide_1.13.0/plugins/com.st.stm32cube.ide.mcu.externaltools.gnu-tools-for-stm32.11.3.rel1.linux64_1.1.0.202305231506/tools/bin/../lib/gcc/arm-none-eabi/11.3.1/../../../../arm-none-eabi/lib/thumb/v7e-m+fp/hard/libc_nano.a(libc_a-freer.o)
                0x0000000010006658                _free_r
 .text.__sfputc_r
                0x00000000100066f0       0x2e /opt/st/stm32cubeide_1.13.0/plugins/com.st.stm32cube.ide.mcu.externaltools.gnu-tools-for-stm32.11.3.rel1.linux64_1.1.0.202305231506/tools/bin/../lib/gcc/arm-none-eabi/11.3.1/../../../../arm-none-eabi/lib/thumb/v7e-m+fp/hard/libc_nano.a(libc_a-nano-vfprintf.o)
 .text.__sfputs_r
                0x000000001000671e       0x24 /opt/st/stm32cubeide_1.13.0/plugins/com.st.stm32cube.ide.mcu.externaltools.gnu-tools-for-stm32.11.3.rel1.linux64_1.1.0.202305231506/tools/bin/../lib/gcc/arm-none-eabi/11.3.1/../../../../arm-none-eabi/lib/thumb/v7e-m+fp/hard/libc_nano.a(libc_a-nano-vfprintf.o)
                0x000000001000671e                __sfputs_r
 *fill*         0x0000000010006742        0x2 
 .text._vfprintf_r
                0x0000000010006744      0x234 /opt/st/stm32cubeide_1.13.0/plugins/com.st.stm32cube.ide.mcu.externaltools.gnu-tools-for-stm32.11.3.rel1.linux64_1.1.0.202305231506/tools/bin/../lib/gcc/arm-none-eabi/11.3.1/../../../../arm-none-eabi/lib/thumb/v7e-m+fp/hard/libc_nano.a(libc_a-nano-vfprintf.o)
                0x0000000010006744                _vfiprintf_r
                0x0000000010006744                _vfprintf_r
 .text._printf_common
                0x0000000010006978       0xda /opt/st/stm32cubeide_1.13.0/plugins/com.st.stm32cube.ide.mcu.externaltools.gnu-tools-for-stm32.11.3.rel1.linux64_1.1.0.202305231506/tools/bin/../lib/gcc/arm-none-eabi/11.3.1/../../../../arm-none-eabi/lib/thumb/v7e-m+fp/hard/libc_nano.a(libc_a-nano-vfprintf_i.o)
                0x0000000010006978                _printf_common
 *fill*         0x0000000010006a52        0x2 
 .text._printf_i
                0x0000000010006a54      0x244 /opt/st/stm32cubeide_1.13.0/plugins/com.st.stm32cube.ide.mcu.externaltools.gnu-tools-for-stm32.11.3.rel1.linux64_1.1.0.202305231506/tools/bin/../lib/gcc/arm-none-eabi/11.3.1/../../../../arm-none-eabi/lib/thumb/v7e-m+fp/hard/libc_nano.a(libc_a-nano-vfprintf_i.o)
                0x0000000010006a54                _printf_i
 .text.__sflush_r
                0x0000000010006c98      0x10c /opt/st/stm32cubeide_1.13.0/plugins/com.st.stm32cube.ide.mcu.externaltools.gnu-tools-for-stm32.11.3.rel1.linux64_1.1.0.202305231506/tools/bin/../lib/gcc/arm-none-eabi/11.3.1/../../../../arm-none-eabi/lib/thumb/v7e-m+fp/hard/libc_nano.a(libc_a-fflush.o)
                0x0000000010006c98                __sflush_r
 .text._fflush_r
                0x0000000010006da4       0x50 /opt/st/stm32cubeide_1.13.0/plugins/com.st.stm32cube.ide.mcu.externaltools.gnu-tools-for-stm32.11.3.rel1.linux64_1.1.0.202305231506/tools/bin/../lib/gcc/arm-none-eabi/11.3.1/../../../../arm-none-eabi/lib/thumb/v7e-m+fp/hard/libc_nano.a(libc_a-fflush.o)
                0x0000000010006da4                _fflush_r
 .text.__swbuf_r
                0x0000000010006df4       0x7a /opt/st/stm32cubeide_1.13.0/plugins/com.st.stm32cube.ide.mcu.externaltools.gnu-tools-for-stm32.11.3.rel1.linux64_1.1.0.202305231506/tools/bin/../lib/gcc/arm-none-eabi/11.3.1/../../../../arm-none-eabi/lib/thumb/v7e-m+fp/hard/libc_nano.a(libc_a-wbuf.o)
                0x0000000010006df4                __swbuf_r
 *fill*         0x0000000010006e6e        0x2 
 .text.__swsetup_r
                0x0000000010006e70       0xb0 /opt/st/stm32cubeide_1.13.0/plugins/com.st.stm32cube.ide.mcu.externaltools.gnu-tools-for-stm32.11.3.rel1.linux64_1.1.0.202305231506/tools/bin/../lib/gcc/arm-none-eabi/11.3.1/../../../../arm-none-eabi/lib/thumb/v7e-m+fp/hard/libc_nano.a(libc_a-wsetup.o)
                0x0000000010006e70                __swsetup_r
 .text._raise_r
                0x0000000010006f20       0x50 /opt/st/stm32cubeide_1.13.0/plugins/com.st.stm32cube.ide.mcu.externaltools.gnu-tools-for-stm32.11.3.rel1.linux64_1.1.0.202305231506/tools/bin/../lib/gcc/arm-none-eabi/11.3.1/../../../../arm-none-eabi/lib/thumb/v7e-m+fp/hard/libc_nano.a(libc_a-signal.o)
                0x0000000010006f20                _raise_r
 .text.raise    0x0000000010006f70       0x10 /opt/st/stm32cubeide_1.13.0/plugins/com.st.stm32cube.ide.mcu.externaltools.gnu-tools-for-stm32.11.3.rel1.linux64_1.1.0.202305231506/tools/bin/../lib/gcc/arm-none-eabi/11.3.1/../../../../arm-none-eabi/lib/thumb/v7e-m+fp/hard/libc_nano.a(libc_a-signal.o)
                0x0000000010006f70                raise
 .text._kill_r  0x0000000010006f80       0x24 /opt/st/stm32cubeide_1.13.0/plugins/com.st.stm32cube.ide.mcu.externaltools.gnu-tools-for-stm32.11.3.rel1.linux64_1.1.0.202305231506/tools/bin/../lib/gcc/arm-none-eabi/11.3.1/../../../../arm-none-eabi/lib/thumb/v7e-m+fp/hard/libc_nano.a(libc_a-signalr.o)
                0x0000000010006f80                _kill_r
 .text._getpid_r
                0x0000000010006fa4        0x4 /opt/st/stm32cubeide_1.13.0/plugins/com.st.stm32cube.ide.mcu.externaltools.gnu-tools-for-stm32.11.3.rel1.linux64_1.1.0.202305231506/tools/bin/../lib/gcc/arm-none-eabi/11.3.1/../../../../arm-none-eabi/lib/thumb/v7e-m+fp/hard/libc_nano.a(libc_a-signalr.o)
                0x0000000010006fa4                _getpid_r
 .text.__swhatbuf_r
                0x0000000010006fa8       0x4c /opt/st/stm32cubeide_1.13.0/plugins/com.st.stm32cube.ide.mcu.externaltools.gnu-tools-for-stm32.11.3.rel1.linux64_1.1.0.202305231506/tools/bin/../lib/gcc/arm-none-eabi/11.3.1/../../../../arm-none-eabi/lib/thumb/v7e-m+fp/hard/libc_nano.a(libc_a-makebuf.o)
                0x0000000010006fa8                __swhatbuf_r
 .text.__smakebuf_r
                0x0000000010006ff4       0x78 /opt/st/stm32cubeide_1.13.0/plugins/com.st.stm32cube.ide.mcu.externaltools.gnu-tools-for-stm32.11.3.rel1.linux64_1.1.0.202305231506/tools/bin/../lib/gcc/arm-none-eabi/11.3.1/../../../../arm-none-eabi/lib/thumb/v7e-m+fp/hard/libc_nano.a(libc_a-makebuf.o)
                0x0000000010006ff4                __smakebuf_r
 .text._fstat_r
                0x000000001000706c       0x24 /opt/st/stm32cubeide_1.13.0/plugins/com.st.stm32cube.ide.mcu.externaltools.gnu-tools-for-stm32.11.3.rel1.linux64_1.1.0.202305231506/tools/bin/../lib/gcc/arm-none-eabi/11.3.1/../../../../arm-none-eabi/lib/thumb/v7e-m+fp/hard/libc_nano.a(libc_a-fstatr.o)
                0x000000001000706c                _fstat_r
 .text._isatty_r
                0x0000000010007090       0x20 /opt/st/stm32cubeide_1.13.0/plugins/com.st.stm32cube.ide.mcu.externaltools.gnu-tools-for-stm32.11.3.rel1.linux64_1.1.0.202305231506/tools/bin/../lib/gcc/arm-none-eabi/11.3.1/../../../../arm-none-eabi/lib/thumb/v7e-m+fp/hard/libc_nano.a(libc_a-isattyr.o)
                0x0000000010007090                _isatty_r
 .text._sbrk    0x00000000100070b0       0x1c /opt/st/stm32cubeide_1.13.0/plugins/com.st.stm32cube.ide.mcu.externaltools.gnu-tools-for-stm32.11.3.rel1.linux64_1.1.0.202305231506/tools/bin/../lib/gcc/arm-none-eabi/11.3.1/../../../../arm-none-eabi/lib/thumb/v7e-m+fp/hard/libnosys.a(sbrk.o)
                0x00000000100070b0                _sbrk
 *(.glue_7)
 .glue_7        0x00000000100070cc        0x0 linker stubs
 *(.glue_7t)
 .glue_7t       0x00000000100070cc        0x0 linker stubs
 *(.eh_frame)
 .eh_frame      0x00000000100070cc        0x0 /opt/st/stm32cubeide_1.13.0/plugins/com.st.stm32cube.ide.mcu.externaltools.gnu-tools-for-stm32.11.3.rel1.linux64_1.1.0.202305231506/tools/bin/../lib/gcc/arm-none-eabi/11.3.1/thumb/v7e-m+fp/hard/crtbegin.o
 *(.init)
 .init          0x00000000100070cc        0x4 /opt/st/stm32cubeide_1.13.0/plugins/com.st.stm32cube.ide.mcu.externaltools.gnu-tools-for-stm32.11.3.rel1.linux64_1.1.0.202305231506/tools/bin/../lib/gcc/arm-none-eabi/11.3.1/thumb/v7e-m+fp/hard/crti.o
                0x00000000100070cc                _init
 .init          0x00000000100070d0        0x8 /opt/st/stm32cubeide_1.13.0/plugins/com.st.stm32cube.ide.mcu.externaltools.gnu-tools-for-stm32.11.3.rel1.linux64_1.1.0.202305231506/tools/bin/../lib/gcc/arm-none-eabi/11.3.1/thumb/v7e-m+fp/hard/crtn.o
 *(.fini)
 .fini          0x00000000100070d8        0x4 /opt/st/stm32cubeide_1.13.0/plugins/com.st.stm32cube.ide.mcu.externaltools.gnu-tools-for-stm32.11.3.rel1.linux64_1.1.0.202305231506/tools/bin/../lib/gcc/arm-none-eabi/11.3.1/thumb/v7e-m+fp/hard/crti.o
                0x00000000100070d8                _fini
 .fini          0x00000000100070dc        0x8 /opt/st/stm32cubeide_1.13.0/plugins/com.st.stm32cube.ide.mcu.externaltools.gnu-tools-for-stm32.11.3.rel1.linux64_1.1.0.202305231506/tools/bin/../lib/gcc/arm-none-eabi/11.3.1/thumb/v7e-m+fp/hard/crtn.o
                0x00000000100070e4                . = ALIGN (0x4)
                0x00000000100070e4                _etext = .

.vfp11_veneer   0x00000000100070e4        0x0
 .vfp11_veneer  0x00000000100070e4        0x0 linker stubs

.v4_bx          0x00000000100070e4        0x0
 .v4_bx         0x00000000100070e4        0x0 linker stubs

.iplt           0x00000000100070e4        0x0
 .iplt          0x00000000100070e4        0x0 /opt/st/stm32cubeide_1.13.0/plugins/com.st.stm32cube.ide.mcu.externaltools.gnu-tools-for-stm32.11.3.rel1.linux64_1.1.0.202305231506/tools/bin/../lib/gcc/arm-none-eabi/11.3.1/thumb/v7e-m+fp/hard/crtbegin.o

.startup_copro_fw.Reset_Handler
                0x00000000100070e4       0x50
 .startup_copro_fw.Reset_Handler
                0x00000000100070e4       0x50 ./Application/Startup/startup_stm32mp157caax.o
                0x00000000100070e4                Reset_Handler

.rodata         0x0000000010007134      0x638
                0x0000000010007134                . = ALIGN (0x4)
 *(.rodata)
 .rodata        0x0000000010007134      0x20e ./Application/User/main.o
 *fill*         0x0000000010007342        0x2 
 .rodata        0x0000000010007344       0x79 ./Application/User/mbox_ipcc.o
 *fill*         0x00000000100073bd        0x3 
 .rodata        0x00000000100073c0       0x1c ./Application/User/openamp.o
 .rodata        0x00000000100073dc       0xa0 ./Middlewares/OpenAMP/libmetal/device.o
 .rodata        0x000000001000747c       0xdf ./Middlewares/OpenAMP/open-amp/remoteproc/remoteproc_virtio.o
 *fill*         0x000000001000755b        0x1 
 .rodata        0x000000001000755c        0x1 ./Middlewares/OpenAMP/open-amp/rpmsg/rpmsg.o
 *fill*         0x000000001000755d        0x3 
 .rodata        0x0000000010007560       0xbb ./Middlewares/OpenAMP/open-amp/rpmsg/rpmsg_virtio.o
 *fill*         0x000000001000761b        0x1 
 .rodata        0x000000001000761c        0xa ./Middlewares/OpenAMP/virtual_driver/virt_uart.o
 *(.rodata*)
 *fill*         0x0000000010007626        0x2 
 .rodata.__func__.0
                0x0000000010007628        0xd ./Application/User/mbox_ipcc.o
 *fill*         0x0000000010007635        0x3 
 .rodata.LED_PIN
                0x0000000010007638       0x10 ./Drivers/BSP/stm32mp15xx_disco.o
 .rodata.remoteproc_virtio_dispatch_funcs
                0x0000000010007648       0x24 ./Middlewares/OpenAMP/open-amp/remoteproc/remoteproc_virtio.o
 .rodata.__func__.1
                0x000000001000766c       0x1e ./Middlewares/OpenAMP/open-amp/remoteproc/remoteproc_virtio.o
 *fill*         0x000000001000768a        0x2 
 .rodata.__func__.0
                0x000000001000768c        0xe ./Middlewares/OpenAMP/open-amp/remoteproc/remoteproc_virtio.o
 *fill*         0x000000001000769a        0x2 
 .rodata.__func__.2
                0x000000001000769c       0x24 ./Middlewares/OpenAMP/open-amp/rpmsg/rpmsg_virtio.o
 .rodata.__func__.1
                0x00000000100076c0       0x21 ./Middlewares/OpenAMP/open-amp/rpmsg/rpmsg_virtio.o
 *fill*         0x00000000100076e1        0x3 
 .rodata.__func__.0
                0x00000000100076e4       0x19 ./Middlewares/OpenAMP/open-amp/rpmsg/rpmsg_virtio.o
 .rodata.__assert_func.str1.1
                0x00000000100076fd       0x3c /opt/st/stm32cubeide_1.13.0/plugins/com.st.stm32cube.ide.mcu.externaltools.gnu-tools-for-stm32.11.3.rel1.linux64_1.1.0.202305231506/tools/bin/../lib/gcc/arm-none-eabi/11.3.1/../../../../arm-none-eabi/lib/thumb/v7e-m+fp/hard/libc_nano.a(libc_a-assert.o)
                                         0x3d (size before relaxing)
 .rodata._vfprintf_r.str1.1
                0x0000000010007739       0x11 /opt/st/stm32cubeide_1.13.0/plugins/com.st.stm32cube.ide.mcu.externaltools.gnu-tools-for-stm32.11.3.rel1.linux64_1.1.0.202305231506/tools/bin/../lib/gcc/arm-none-eabi/11.3.1/../../../../arm-none-eabi/lib/thumb/v7e-m+fp/hard/libc_nano.a(libc_a-nano-vfprintf.o)
 .rodata._printf_i.str1.1
                0x000000001000774a       0x22 /opt/st/stm32cubeide_1.13.0/plugins/com.st.stm32cube.ide.mcu.externaltools.gnu-tools-for-stm32.11.3.rel1.linux64_1.1.0.202305231506/tools/bin/../lib/gcc/arm-none-eabi/11.3.1/../../../../arm-none-eabi/lib/thumb/v7e-m+fp/hard/libc_nano.a(libc_a-nano-vfprintf_i.o)
                0x000000001000776c                . = ALIGN (0x4)

.ARM.extab      0x000000001000776c        0x0
                0x000000001000776c                . = ALIGN (0x4)
 *(.ARM.extab* .gnu.linkonce.armextab.*)
                0x000000001000776c                . = ALIGN (0x4)

.ARM            0x000000001000776c        0x0
                0x000000001000776c                . = ALIGN (0x4)
                0x000000001000776c                __exidx_start = .
 *(.ARM.exidx*)
                0x000000001000776c                __exidx_end = .
                0x000000001000776c                . = ALIGN (0x4)

.preinit_array  0x000000001000776c        0x0
                0x000000001000776c                . = ALIGN (0x4)
                0x000000001000776c                PROVIDE (__preinit_array_start = .)
 *(.preinit_array*)
                0x000000001000776c                PROVIDE (__preinit_array_end = .)
                0x000000001000776c                . = ALIGN (0x4)

.init_array     0x000000001000776c        0x4
                0x000000001000776c                . = ALIGN (0x4)
                0x000000001000776c                PROVIDE (__init_array_start = .)
 *(SORT_BY_NAME(.init_array.*))
 *(.init_array*)
 .init_array    0x000000001000776c        0x4 /opt/st/stm32cubeide_1.13.0/plugins/com.st.stm32cube.ide.mcu.externaltools.gnu-tools-for-stm32.11.3.rel1.linux64_1.1.0.202305231506/tools/bin/../lib/gcc/arm-none-eabi/11.3.1/thumb/v7e-m+fp/hard/crtbegin.o
                0x0000000010007770                PROVIDE (__init_array_end = .)
                0x0000000010007770                . = ALIGN (0x4)

.fini_array     0x0000000010007770        0x4
                0x0000000010007770                . = ALIGN (0x4)
                [!provide]                        PROVIDE (__fini_array_start = .)
 *(SORT_BY_NAME(.fini_array.*))
 *(.fini_array*)
 .fini_array    0x0000000010007770        0x4 /opt/st/stm32cubeide_1.13.0/plugins/com.st.stm32cube.ide.mcu.externaltools.gnu-tools-for-stm32.11.3.rel1.linux64_1.1.0.202305231506/tools/bin/../lib/gcc/arm-none-eabi/11.3.1/thumb/v7e-m+fp/hard/crtbegin.o
                [!provide]                        PROVIDE (__fini_array_end = .)
                0x0000000010007774                . = ALIGN (0x4)
                0x0000000010007774                __DATA_ROM = .
                0x0000000010007774                _sidata = LOADADDR (.data)

.data           0x0000000010020000      0x130 load address 0x0000000010007774
                0x0000000010020000                . = ALIGN (0x4)
                0x0000000010020000                _sdata = .
 *(.data)
 *(.data*)
 .data.shm_device
                0x0000000010020000       0x8c ./Application/User/openamp.o
                0x0000000010020000                shm_device
 .data.LED_PORT
                0x000000001002008c       0x10 ./Drivers/BSP/stm32mp15xx_disco.o
 .data.SystemCoreClock
                0x000000001002009c        0x4 ./Drivers/CMSIS/system_stm32mp1xx.o
                0x000000001002009c                SystemCoreClock
 .data.uwTickPrio
                0x00000000100200a0        0x4 ./Drivers/STM32MP1xx_HAL_Driver/stm32mp1xx_hal.o
                0x00000000100200a0                uwTickPrio
 .data.uwTickFreq
                0x00000000100200a4        0x1 ./Drivers/STM32MP1xx_HAL_Driver/stm32mp1xx_hal.o
                0x00000000100200a4                uwTickFreq
 *fill*         0x00000000100200a5        0x3 
 .data.metal_generic_bus
                0x00000000100200a8       0x2c ./Middlewares/OpenAMP/libmetal/device.o
                0x00000000100200a8                metal_generic_bus
 .data.__sglue  0x00000000100200d4        0xc /opt/st/stm32cubeide_1.13.0/plugins/com.st.stm32cube.ide.mcu.externaltools.gnu-tools-for-stm32.11.3.rel1.linux64_1.1.0.202305231506/tools/bin/../lib/gcc/arm-none-eabi/11.3.1/../../../../arm-none-eabi/lib/thumb/v7e-m+fp/hard/libc_nano.a(libc_a-findfp.o)
                0x00000000100200d4                __sglue
 .data._impure_data
                0x00000000100200e0       0x4c /opt/st/stm32cubeide_1.13.0/plugins/com.st.stm32cube.ide.mcu.externaltools.gnu-tools-for-stm32.11.3.rel1.linux64_1.1.0.202305231506/tools/bin/../lib/gcc/arm-none-eabi/11.3.1/../../../../arm-none-eabi/lib/thumb/v7e-m+fp/hard/libc_nano.a(libc_a-impure.o)
                0x00000000100200e0                _impure_data
 .data._impure_ptr
                0x000000001002012c        0x4 /opt/st/stm32cubeide_1.13.0/plugins/com.st.stm32cube.ide.mcu.externaltools.gnu-tools-for-stm32.11.3.rel1.linux64_1.1.0.202305231506/tools/bin/../lib/gcc/arm-none-eabi/11.3.1/../../../../arm-none-eabi/lib/thumb/v7e-m+fp/hard/libc_nano.a(libc_a-impure.o)
                0x000000001002012c                _impure_ptr
                0x0000000010020130                . = ALIGN (0x4)
                0x0000000010020130                _edata = .
                0x00000000100078a4                __DATA_END = (__DATA_ROM + (_edata - _sdata))
                0x0000000010020000                text_end = (ORIGIN (m_text) + LENGTH (m_text))
                0x0000000000000001                ASSERT ((__DATA_END <= text_end), region m_text overflowed with text and data)

.igot.plt       0x0000000010020130        0x0 load address 0x00000000100078a4
 .igot.plt      0x0000000010020130        0x0 /opt/st/stm32cubeide_1.13.0/plugins/com.st.stm32cube.ide.mcu.externaltools.gnu-tools-for-stm32.11.3.rel1.linux64_1.1.0.202305231506/tools/bin/../lib/gcc/arm-none-eabi/11.3.1/thumb/v7e-m+fp/hard/crtbegin.o

.resource_table
                0x0000000010020130       0x8c load address 0x00000000100078a4
                0x0000000010020130                . = ALIGN (0x4)
 *(.resource_table*)
 .resource_table
                0x0000000010020130       0x8c ./Application/User/rsc_table.o
                0x0000000010020130                resource_table
                0x00000000100201bc                . = ALIGN (0x4)
                0x0000000010007930                _eirsc = (LOADADDR (.resource_table) + SIZEOF (.resource_table))
                0x0000000000000001                ASSERT (((SIZEOF (.resource_table) == 0x0) || (_eirsc <= text_end)), no room for resource_table load section in text)

.rel.dyn        0x00000000100201bc        0x0 load address 0x0000000010007930
 .rel.iplt      0x00000000100201bc        0x0 /opt/st/stm32cubeide_1.13.0/plugins/com.st.stm32cube.ide.mcu.externaltools.gnu-tools-for-stm32.11.3.rel1.linux64_1.1.0.202305231506/tools/bin/../lib/gcc/arm-none-eabi/11.3.1/thumb/v7e-m+fp/hard/crtbegin.o
                0x00000000100201bc                . = ALIGN (0x4)

.bss            0x00000000100201bc      0xf2c
                0x00000000100201bc                _sbss = .
                0x00000000100201bc                __bss_start__ = _sbss
 *(.bss)
 .bss           0x00000000100201bc       0x1c /opt/st/stm32cubeide_1.13.0/plugins/com.st.stm32cube.ide.mcu.externaltools.gnu-tools-for-stm32.11.3.rel1.linux64_1.1.0.202305231506/tools/bin/../lib/gcc/arm-none-eabi/11.3.1/thumb/v7e-m+fp/hard/crtbegin.o
 *(.bss*)
 .bss.hipcc     0x00000000100201d8       0x3c ./Application/User/main.o
                0x00000000100201d8                hipcc
 .bss.huart0    0x0000000010020214       0x50 ./Application/User/main.o
                0x0000000010020214                huart0
 .bss.huart1    0x0000000010020264       0x50 ./Application/User/main.o
                0x0000000010020264                huart1
 .bss.VirtUart0RxMsg
                0x00000000100202b4        0x1 ./Application/User/main.o
                0x00000000100202b4                VirtUart0RxMsg
 *fill*         0x00000000100202b5        0x3 
 .bss.VirtUart0ChannelBuffRx
                0x00000000100202b8      0x200 ./Application/User/main.o
                0x00000000100202b8                VirtUart0ChannelBuffRx
 .bss.VirtUart0ChannelRxSize
                0x00000000100204b8        0x2 ./Application/User/main.o
                0x00000000100204b8                VirtUart0ChannelRxSize
 .bss.VirtUart1RxMsg
                0x00000000100204ba        0x1 ./Application/User/main.o
                0x00000000100204ba                VirtUart1RxMsg
 *fill*         0x00000000100204bb        0x1 
 .bss.VirtUart1ChannelBuffRx
                0x00000000100204bc      0x200 ./Application/User/main.o
                0x00000000100204bc                VirtUart1ChannelBuffRx
 .bss.VirtUart1ChannelRxSize
                0x00000000100206bc        0x2 ./Application/User/main.o
                0x00000000100206bc                VirtUart1ChannelRxSize
 *fill*         0x00000000100206be        0x2 
 .bss.msg_received_ch1
                0x00000000100206c0        0x4 ./Application/User/mbox_ipcc.o
                0x00000000100206c0                msg_received_ch1
 .bss.msg_received_ch2
                0x00000000100206c4        0x4 ./Application/User/mbox_ipcc.o
                0x00000000100206c4                msg_received_ch2
 .bss.shm_io    0x00000000100206c8        0x4 ./Application/User/openamp.o
 .bss.rsc_io    0x00000000100206cc        0x4 ./Application/User/openamp.o
 .bss.rsc_table
                0x00000000100206d0        0x4 ./Application/User/openamp.o
 .bss.shpool    0x00000000100206d4        0xc ./Application/User/openamp.o
 .bss.rvdev     0x00000000100206e0       0x8c ./Application/User/openamp.o
 .bss.shm_physmap
                0x000000001002076c        0x4 ./Application/User/openamp.o
 .bss.system_log_buf
                0x0000000010020770      0x800 ./Application/User/openamp_log.o
                0x0000000010020770                system_log_buf
 .bss.offset.0  0x0000000010020f70        0x4 ./Application/User/openamp_log.o
 .bss.uwTick    0x0000000010020f74        0x4 ./Drivers/STM32MP1xx_HAL_Driver/stm32mp1xx_hal.o
                0x0000000010020f74                uwTick
 .bss._metal    0x0000000010020f78       0x20 ./Middlewares/OpenAMP/libmetal/generic/generic_init.o
                0x0000000010020f78                _metal
 .bss.__malloc_free_list
                0x0000000010020f98        0x4 /opt/st/stm32cubeide_1.13.0/plugins/com.st.stm32cube.ide.mcu.externaltools.gnu-tools-for-stm32.11.3.rel1.linux64_1.1.0.202305231506/tools/bin/../lib/gcc/arm-none-eabi/11.3.1/../../../../arm-none-eabi/lib/thumb/v7e-m+fp/hard/libc_nano.a(libc_a-mallocr.o)
                0x0000000010020f98                __malloc_free_list
 .bss.__malloc_sbrk_start
                0x0000000010020f9c        0x4 /opt/st/stm32cubeide_1.13.0/plugins/com.st.stm32cube.ide.mcu.externaltools.gnu-tools-for-stm32.11.3.rel1.linux64_1.1.0.202305231506/tools/bin/../lib/gcc/arm-none-eabi/11.3.1/../../../../arm-none-eabi/lib/thumb/v7e-m+fp/hard/libc_nano.a(libc_a-mallocr.o)
                0x0000000010020f9c                __malloc_sbrk_start
 .bss.__sf      0x0000000010020fa0      0x138 /opt/st/stm32cubeide_1.13.0/plugins/com.st.stm32cube.ide.mcu.externaltools.gnu-tools-for-stm32.11.3.rel1.linux64_1.1.0.202305231506/tools/bin/../lib/gcc/arm-none-eabi/11.3.1/../../../../arm-none-eabi/lib/thumb/v7e-m+fp/hard/libc_nano.a(libc_a-findfp.o)
                0x0000000010020fa0                __sf
 .bss.__stdio_exit_handler
                0x00000000100210d8        0x4 /opt/st/stm32cubeide_1.13.0/plugins/com.st.stm32cube.ide.mcu.externaltools.gnu-tools-for-stm32.11.3.rel1.linux64_1.1.0.202305231506/tools/bin/../lib/gcc/arm-none-eabi/11.3.1/../../../../arm-none-eabi/lib/thumb/v7e-m+fp/hard/libc_nano.a(libc_a-findfp.o)
                0x00000000100210d8                __stdio_exit_handler
 .bss.errno     0x00000000100210dc        0x4 /opt/st/stm32cubeide_1.13.0/plugins/com.st.stm32cube.ide.mcu.externaltools.gnu-tools-for-stm32.11.3.rel1.linux64_1.1.0.202305231506/tools/bin/../lib/gcc/arm-none-eabi/11.3.1/../../../../arm-none-eabi/lib/thumb/v7e-m+fp/hard/libc_nano.a(libc_a-reent.o)
                0x00000000100210dc                errno
 .bss.__lock___malloc_recursive_mutex
                0x00000000100210e0        0x1 /opt/st/stm32cubeide_1.13.0/plugins/com.st.stm32cube.ide.mcu.externaltools.gnu-tools-for-stm32.11.3.rel1.linux64_1.1.0.202305231506/tools/bin/../lib/gcc/arm-none-eabi/11.3.1/../../../../arm-none-eabi/lib/thumb/v7e-m+fp/hard/libc_nano.a(libc_a-lock.o)
                0x00000000100210e0                __lock___malloc_recursive_mutex
 .bss.__lock___sfp_recursive_mutex
                0x00000000100210e1        0x1 /opt/st/stm32cubeide_1.13.0/plugins/com.st.stm32cube.ide.mcu.externaltools.gnu-tools-for-stm32.11.3.rel1.linux64_1.1.0.202305231506/tools/bin/../lib/gcc/arm-none-eabi/11.3.1/../../../../arm-none-eabi/lib/thumb/v7e-m+fp/hard/libc_nano.a(libc_a-lock.o)
                0x00000000100210e1                __lock___sfp_recursive_mutex
 *fill*         0x00000000100210e2        0x2 
 .bss.heap_end.0
                0x00000000100210e4        0x4 /opt/st/stm32cubeide_1.13.0/plugins/com.st.stm32cube.ide.mcu.externaltools.gnu-tools-for-stm32.11.3.rel1.linux64_1.1.0.202305231506/tools/bin/../lib/gcc/arm-none-eabi/11.3.1/../../../../arm-none-eabi/lib/thumb/v7e-m+fp/hard/libnosys.a(sbrk.o)
 *(COMMON)
                0x00000000100210e8                . = ALIGN (0x4)
                0x00000000100210e8                _ebss = .
                0x00000000100210e8                __bss_end__ = _ebss

._user_heap_stack
                0x00000000100210e8      0x600
                0x00000000100210e8                . = ALIGN (0x8)
                0x00000000100210e8                PROVIDE (end = .)
                [!provide]                        PROVIDE (_end = .)
                0x00000000100212e8                . = (. + _Min_Heap_Size)
 *fill*         0x00000000100210e8      0x200 
                0x00000000100216e8                . = (. + _Min_Stack_Size)
 *fill*         0x00000000100212e8      0x400 
                0x00000000100216e8                . = ALIGN (0x8)

/DISCARD/
 libc.a(*)
 libm.a(*)
 libgcc.a(*)

.ARM.attributes
                0x0000000000000000       0x30
 *(.ARM.attributes)
 .ARM.attributes
                0x0000000000000000       0x1e /opt/st/stm32cubeide_1.13.0/plugins/com.st.stm32cube.ide.mcu.externaltools.gnu-tools-for-stm32.11.3.rel1.linux64_1.1.0.202305231506/tools/bin/../lib/gcc/arm-none-eabi/11.3.1/thumb/v7e-m+fp/hard/crti.o
 .ARM.attributes
                0x000000000000001e       0x34 /opt/st/stm32cubeide_1.13.0/plugins/com.st.stm32cube.ide.mcu.externaltools.gnu-tools-for-stm32.11.3.rel1.linux64_1.1.0.202305231506/tools/bin/../lib/gcc/arm-none-eabi/11.3.1/thumb/v7e-m+fp/hard/crtbegin.o
 .ARM.attributes
                0x0000000000000052       0x21 ./Application/Startup/startup_stm32mp157caax.o
 .ARM.attributes
                0x0000000000000073       0x34 ./Application/User/lock_resource.o
 .ARM.attributes
                0x00000000000000a7       0x34 ./Application/User/main.o
 .ARM.attributes
                0x00000000000000db       0x34 ./Application/User/mbox_ipcc.o
 .ARM.attributes
                0x000000000000010f       0x34 ./Application/User/openamp.o
 .ARM.attributes
                0x0000000000000143       0x34 ./Application/User/openamp_log.o
 .ARM.attributes
                0x0000000000000177       0x34 ./Application/User/rsc_table.o
 .ARM.attributes
                0x00000000000001ab       0x34 ./Application/User/stm32mp1xx_hal_msp.o
 .ARM.attributes
                0x00000000000001df       0x34 ./Application/User/stm32mp1xx_it.o
 .ARM.attributes
                0x0000000000000213       0x34 ./Application/User/syscalls.o
 .ARM.attributes
                0x0000000000000247       0x34 ./Drivers/BSP/stm32mp15xx_disco.o
 .ARM.attributes
                0x000000000000027b       0x34 ./Drivers/CMSIS/system_stm32mp1xx.o
 .ARM.attributes