/home/osboxes/STM32CubeMP1/Projects/STM32MP157C-DK2/Applications/OpenAMP/OpenAMP_TTY_echo/Src/main.c:77:5:main	40	static
/home/osboxes/STM32CubeMP1/Projects/STM32MP157C-DK2/Applications/OpenAMP/OpenAMP_TTY_echo/Src/main.c:171:6:SystemClock_Config	336	static
/home/osboxes/STM32CubeMP1/Projects/STM32MP157C-DK2/Applications/OpenAMP/OpenAMP_TTY_echo/Src/main.c:286:13:MX_IPCC_Init	8	static
/home/osboxes/STM32CubeMP1/Projects/STM32MP157C-DK2/Applications/OpenAMP/OpenAMP_TTY_echo/Src/main.c:297:6:VIRT_UART1_RxCpltCallback	24	static
/home/osboxes/STM32CubeMP1/Projects/STM32MP157C-DK2/Applications/OpenAMP/OpenAMP_TTY_echo/Src/main.c:308:6:VIRT_UART0_RxCpltCallback	32	static
/home/osboxes/STM32CubeMP1/Projects/STM32MP157C-DK2/Applications/OpenAMP/OpenAMP_TTY_echo/Src/main.c:337:6:Error_Handler	16	static
