/home/osboxes/STM32CubeMP1/Projects/STM32MP157C-DK2/Applications/OpenAMP/OpenAMP_TTY_echo/Src/main.c:75:5:main	6
/home/osboxes/STM32CubeMP1/Projects/STM32MP157C-DK2/Applications/OpenAMP/OpenAMP_TTY_echo/Src/main.c:159:6:SystemClock_Config	3
/home/osboxes/STM32CubeMP1/Projects/STM32MP157C-DK2/Applications/OpenAMP/OpenAMP_TTY_echo/Src/main.c:274:13:MX_IPCC_Init	2
/home/osboxes/STM32CubeMP1/Projects/STM32MP157C-DK2/Applications/OpenAMP/OpenAMP_TTY_echo/Src/main.c:285:6:VIRT_UART1_RxCpltCallback	1
/home/osboxes/STM32CubeMP1/Projects/STM32MP157C-DK2/Applications/OpenAMP/OpenAMP_TTY_echo/Src/main.c:296:6:VIRT_UART0_RxCpltCallback	4
/home/osboxes/STM32CubeMP1/Projects/STM32MP157C-DK2/Applications/OpenAMP/OpenAMP_TTY_echo/Src/main.c:330:6:Error_Handler	1
